Archive member included to satisfy reference by file (symbol)

pico-ssd1306\libpico_ssd1306.a(ssd1306.cpp.obj)
                              CMakeFiles/snake_game.dir/src/main.cpp.obj (pico_ssd1306::SSD1306::setPixel(short, short, pico_ssd1306::WriteMode))
pico-ssd1306\libpico_ssd1306.a(FrameBuffer.cpp.obj)
                              pico-ssd1306\libpico_ssd1306.a(ssd1306.cpp.obj) (FrameBuffer::FrameBuffer())
pico-ssd1306\libpico_ssd1306.a(ShapeRenderer.cpp.obj)
                              CMakeFiles/snake_game.dir/src/main.cpp.obj (pico_ssd1306::drawRect(pico_ssd1306::SSD1306*, unsigned char, unsigned char, unsigned char, unsigned char, pico_ssd1306::WriteMode))
pico-ssd1306\libpico_ssd1306.a(TextRenderer.cpp.obj)
                              CMakeFiles/snake_game.dir/src/main.cpp.obj (pico_ssd1306::drawText(pico_ssd1306::SSD1306*, unsigned char const*, char const*, unsigned char, unsigned char, pico_ssd1306::WriteMode, pico_ssd1306::Rotation))
c:/progra~2/gnuarm~1/102020~1/bin/../lib/gcc/arm-none-eabi/10.2.1/thumb/v6-m/nofp\libgcc.a(_dvmd_tls.o)
                              CMakeFiles/snake_game.dir/C_/pico/pico-sdk/src/rp2_common/pico_divider/divider.S.obj (__aeabi_idiv0)
c:/progra~2/gnuarm~1/102020~1/bin/../lib/gcc/arm-none-eabi/10.2.1/../../../../arm-none-eabi/lib/thumb/v6-m/nofp\libg.a(lib_a-calloc.o)
                              CMakeFiles/snake_game.dir/C_/pico/pico-sdk/src/rp2_common/pico_malloc/pico_malloc.c.obj (calloc)
c:/progra~2/gnuarm~1/102020~1/bin/../lib/gcc/arm-none-eabi/10.2.1/../../../../arm-none-eabi/lib/thumb/v6-m/nofp\libg.a(lib_a-callocr.o)
                              c:/progra~2/gnuarm~1/102020~1/bin/../lib/gcc/arm-none-eabi/10.2.1/../../../../arm-none-eabi/lib/thumb/v6-m/nofp\libg.a(lib_a-calloc.o) (_calloc_r)
c:/progra~2/gnuarm~1/102020~1/bin/../lib/gcc/arm-none-eabi/10.2.1/../../../../arm-none-eabi/lib/thumb/v6-m/nofp\libg.a(lib_a-ctype_.o)
                              CMakeFiles/snake_game.dir/C_/pico/pico-sdk/lib/tinyusb/src/tusb.c.obj (_ctype_)
c:/progra~2/gnuarm~1/102020~1/bin/../lib/gcc/arm-none-eabi/10.2.1/../../../../arm-none-eabi/lib/thumb/v6-m/nofp\libg.a(lib_a-impure.o)
                              c:/progra~2/gnuarm~1/102020~1/bin/../lib/gcc/arm-none-eabi/10.2.1/../../../../arm-none-eabi/lib/thumb/v6-m/nofp\libg.a(lib_a-calloc.o) (_impure_ptr)
c:/progra~2/gnuarm~1/102020~1/bin/../lib/gcc/arm-none-eabi/10.2.1/../../../../arm-none-eabi/lib/thumb/v6-m/nofp\libg.a(lib_a-init.o)
                              c:/progra~2/gnuarm~1/102020~1/bin/../lib/gcc/arm-none-eabi/10.2.1/../../../../arm-none-eabi/lib/thumb/v6-m/nofp/crt0.o (__libc_init_array)
c:/progra~2/gnuarm~1/102020~1/bin/../lib/gcc/arm-none-eabi/10.2.1/../../../../arm-none-eabi/lib/thumb/v6-m/nofp\libg.a(lib_a-malloc.o)
                              CMakeFiles/snake_game.dir/C_/pico/pico-sdk/src/rp2_common/pico_malloc/pico_malloc.c.obj (malloc)
c:/progra~2/gnuarm~1/102020~1/bin/../lib/gcc/arm-none-eabi/10.2.1/../../../../arm-none-eabi/lib/thumb/v6-m/nofp\libg.a(lib_a-mallocr.o)
                              c:/progra~2/gnuarm~1/102020~1/bin/../lib/gcc/arm-none-eabi/10.2.1/../../../../arm-none-eabi/lib/thumb/v6-m/nofp\libg.a(lib_a-callocr.o) (_malloc_r)
c:/progra~2/gnuarm~1/102020~1/bin/../lib/gcc/arm-none-eabi/10.2.1/../../../../arm-none-eabi/lib/thumb/v6-m/nofp\libg.a(lib_a-mlock.o)
                              c:/progra~2/gnuarm~1/102020~1/bin/../lib/gcc/arm-none-eabi/10.2.1/../../../../arm-none-eabi/lib/thumb/v6-m/nofp\libg.a(lib_a-mallocr.o) (__malloc_lock)
c:/progra~2/gnuarm~1/102020~1/bin/../lib/gcc/arm-none-eabi/10.2.1/../../../../arm-none-eabi/lib/thumb/v6-m/nofp\libg.a(lib_a-sbrkr.o)
                              c:/progra~2/gnuarm~1/102020~1/bin/../lib/gcc/arm-none-eabi/10.2.1/../../../../arm-none-eabi/lib/thumb/v6-m/nofp\libg.a(lib_a-mallocr.o) (_sbrk_r)
c:/progra~2/gnuarm~1/102020~1/bin/../lib/gcc/arm-none-eabi/10.2.1/../../../../arm-none-eabi/lib/thumb/v6-m/nofp\libg.a(lib_a-strcat.o)
                              CMakeFiles/snake_game.dir/src/main.cpp.obj (strcat)
c:/progra~2/gnuarm~1/102020~1/bin/../lib/gcc/arm-none-eabi/10.2.1/../../../../arm-none-eabi/lib/thumb/v6-m/nofp\libg.a(lib_a-strcpy.o)
                              c:/progra~2/gnuarm~1/102020~1/bin/../lib/gcc/arm-none-eabi/10.2.1/../../../../arm-none-eabi/lib/thumb/v6-m/nofp\libg.a(lib_a-strcat.o) (strcpy)
c:/progra~2/gnuarm~1/102020~1/bin/../lib/gcc/arm-none-eabi/10.2.1/../../../../arm-none-eabi/lib/thumb/v6-m/nofp\libg.a(lib_a-strlen-stub.o)
                              CMakeFiles/snake_game.dir/C_/pico/pico-sdk/src/rp2_common/pico_stdio/stdio.c.obj (strlen)
c:/progra~2/gnuarm~1/102020~1/bin/../lib/gcc/arm-none-eabi/10.2.1/../../../../arm-none-eabi/lib/thumb/v6-m/nofp\libg.a(lib_a-freer.o)
                              c:/progra~2/gnuarm~1/102020~1/bin/../lib/gcc/arm-none-eabi/10.2.1/../../../../arm-none-eabi/lib/thumb/v6-m/nofp\libg.a(lib_a-malloc.o) (_free_r)
[...]
Memory Configuration

Name             Origin             Length             Attributes
FLASH            0x10000000         0x00200000         xr
RAM              0x20000000         0x00040000         xrw
SCRATCH_X        0x20040000         0x00001000         xrw
SCRATCH_Y        0x20041000         0x00001000         xrw
*default*        0x00000000         0xffffffff

Linker script and memory map

LOAD c:/progra~2/gnuarm~1/102020~1/bin/../lib/gcc/arm-none-eabi/10.2.1/thumb/v6-m/nofp/crti.o
LOAD c:/progra~2/gnuarm~1/102020~1/bin/../lib/gcc/arm-none-eabi/10.2.1/thumb/v6-m/nofp/crtbegin.o
LOAD c:/progra~2/gnuarm~1/102020~1/bin/../lib/gcc/arm-none-eabi/10.2.1/../../../../arm-none-eabi/lib/thumb/v6-m/nofp/crt0.o

.flash_begin    0x10000000        0x0
                0x10000000                __flash_binary_start = .

.boot2          0x10000000      0x100
                0x10000000                __boot2_start__ = .
 *(.boot2)
 .boot2         0x10000000      0x100 C:\Users\SHUBHA~1\AppData\Local\Temp\ccMfUrt1.o
                0x10000100                __boot2_end__ = .
                0x00000001                ASSERT (((__boot2_end__ - __boot2_start__) == 0x100), ERROR: Pico second stage bootloader must be 256 bytes in size)

.text           0x10000100     0x7d50
                0x10000100                __logical_binary_start = .
 *(.vectors)
 .vectors       0x10000100       0xd4 CMakeFiles/snake_game.dir/C_/pico/pico-sdk/src/rp2_common/pico_standard_link/crt0.S.obj
                0x10000100                __vectors
                0x100001c0                isr_invalid
                0x100001c2                isr_nmi
                0x100001c4                isr_hardfault
                0x100001c6                isr_svcall
                0x100001c8                isr_pendsv
                0x100001ca                isr_systick
                0x100001cc                isr_irq11
                0x100001cc                isr_irq5
                0x100001cc                isr_irq23
                0x100001cc                isr_irq18
                0x100001cc                isr_irq31
                0x100001cc                isr_irq28
                0x100001cc                isr_irq19
                0x100001cc                isr_irq0
                0x100001cc                isr_irq6
                0x100001cc                isr_irq27
                0x100001cc                isr_irq12
                0x100001cc                isr_irq22
                0x100001cc                isr_irq13
                0x100001cc                isr_irq17
                0x100001cc                isr_irq14
                0x100001cc                isr_irq2
                0x100001cc                isr_irq10
                0x100001cc                isr_irq8
                0x100001cc                isr_irq24
                0x100001cc                isr_irq1
                0x100001cc                isr_irq7
                0x100001cc                isr_irq21
                0x100001cc                isr_irq20
                0x100001cc                isr_irq15
                0x100001cc                isr_irq25
                0x100001cc                __unhandled_user_irq
                0x100001cc                isr_irq4
                0x100001cc                isr_irq16
                0x100001cc                isr_irq29
                0x100001cc                isr_irq26
                0x100001cc                isr_irq3
                0x100001cc                isr_irq30
                0x100001cc                isr_irq9
                0x100001d2                unhandled_user_irq_num_in_r0
 *(.binary_info_header)
 .binary_info_header
                0x100001d4       0x14 CMakeFiles/snake_game.dir/C_/pico/pico-sdk/src/rp2_common/pico_standard_link/crt0.S.obj
                0x100001e8                __binary_info_header_end = .
 *(.reset)
 .reset         0x100001e8       0xa8 CMakeFiles/snake_game.dir/C_/pico/pico-sdk/src/rp2_common/pico_standard_link/crt0.S.obj
                0x100001e8                _entry_point
                0x10000266                __get_current_exception
 .reset         0x10000290       0x30 CMakeFiles/snake_game.dir/C_/pico/pico-sdk/src/rp2_common/pico_standard_link/binary_info.c.obj
 *(.init)
 .init          0x100002c0        0x4 c:/progra~2/gnuarm~1/102020~1/bin/../lib/gcc/arm-none-eabi/10.2.1/thumb/v6-m/nofp/crti.o
                0x100002c0                _init
 *(EXCLUDE_FILE(*libm.a: *libc.a:*lib_a-mem*.o *libgcc.a:) .text*)
 .text          0x100002c4       0x48 c:/progra~2/gnuarm~1/102020~1/bin/../lib/gcc/arm-none-eabi/10.2.1/thumb/v6-m/nofp/crtbegin.o
 .text._Z14snake_init_posP4Node
                0x1000030c       0x38 CMakeFiles/snake_game.dir/src/main.cpp.obj
                0x1000030c                snake_init_pos(Node*)
 .text._Z11insert_headPP4Nodehh
                0x10000344       0x1a CMakeFiles/snake_game.dir/src/main.cpp.obj
                0x10000344                insert_head(Node**, unsigned char, unsigned char)
 .text._Z11delete_tailP4Node
                0x1000035e       0x24 CMakeFiles/snake_game.dir/src/main.cpp.obj
                0x1000035e                delete_tail(Node*)
 .text._Z15increase_lengthP4Node
                0x10000382       0x2c CMakeFiles/snake_game.dir/src/main.cpp.obj
                0x10000382                increase_length(Node*)
 .text._Z9body_biteP4Node
                0x100003ae       0x22 CMakeFiles/snake_game.dir/src/main.cpp.obj
                0x100003ae                body_bite(Node*)
 .text.main     0x100003d0      0x2a4 CMakeFiles/snake_game.dir/src/main.cpp.obj
                0x100003d0                main
 .text.gpio_set_function
                0x10000674       0x30 CMakeFiles/snake_game.dir/C_/pico/pico-sdk/src/rp2_common/hardware_gpio/gpio.c.obj
                0x10000674                gpio_set_function
 .text.gpio_set_pulls
                0x100006a4       0x34 CMakeFiles/snake_game.dir/C_/pico/pico-sdk/src/rp2_common/hardware_gpio/gpio.c.obj
                0x100006a4                gpio_set_pulls
 .text.gpio_init
                0x100006d8       0x16 CMakeFiles/snake_game.dir/C_/pico/pico-sdk/src/rp2_common/hardware_gpio/gpio.c.obj
                0x100006d8                gpio_init
 *fill*         0x100006ee        0x2 
 .text.hw_claim_lock
                0x100006f0       0x18 CMakeFiles/snake_game.dir/C_/pico/pico-sdk/src/rp2_common/hardware_claim/claim.c.obj
                0x100006f0                hw_claim_lock
 .text.hw_claim_unlock
                0x10000708       0x14 CMakeFiles/snake_game.dir/C_/pico/pico-sdk/src/rp2_common/hardware_claim/claim.c.obj
                0x10000708                hw_claim_unlock
 .text.hw_claim_or_assert
                0x1000071c       0x36 CMakeFiles/snake_game.dir/C_/pico/pico-sdk/src/rp2_common/hardware_claim/claim.c.obj
                0x1000071c                hw_claim_or_assert
 .text.hw_claim_unused_from_range
                0x10000752       0x58 CMakeFiles/snake_game.dir/C_/pico/pico-sdk/src/rp2_common/hardware_claim/claim.c.obj
                0x10000752                hw_claim_unused_from_range
 *fill*         0x100007aa        0x2 
 .text.spin_locks_reset
                0x100007ac       0x20 CMakeFiles/snake_game.dir/C_/pico/pico-sdk/src/rp2_common/hardware_sync/sync.c.obj
                0x100007ac                spin_locks_reset
 .text.next_striped_spin_lock_num
                0x100007cc       0x1c CMakeFiles/snake_game.dir/C_/pico/pico-sdk/src/rp2_common/hardware_sync/sync.c.obj
                0x100007cc                next_striped_spin_lock_num
 .text.spin_lock_claim_unused
                0x100007e8       0x20 CMakeFiles/snake_game.dir/C_/pico/pico-sdk/src/rp2_common/hardware_sync/sync.c.obj
                0x100007e8                spin_lock_claim_unused
 .text.running_on_fpga
                0x10000808       0x14 CMakeFiles/snake_game.dir/C_/pico/pico-sdk/src/rp2_common/pico_platform/platform.c.obj
                0x10000808                running_on_fpga
 .text.sev_callback
                0x1000081c        0x8 CMakeFiles/snake_game.dir/C_/pico/pico-sdk/src/common/pico_time/time.c.obj
 .text.alarm_pool_post_alloc_init
                0x10000824       0x40 CMakeFiles/snake_game.dir/C_/pico/pico-sdk/src/common/pico_time/time.c.obj
 .text.timer_pool_entry_comparator
                0x10000864       0x7c CMakeFiles/snake_game.dir/C_/pico/pico-sdk/src/common/pico_time/time.c.obj
                0x10000864                timer_pool_entry_comparator
 .text.ph_add_child_node
                0x100008e0       0xa4 CMakeFiles/snake_game.dir/C_/pico/pico-sdk/src/common/pico_time/time.c.obj
 .text.ph_merge_nodes
                0x10000984       0x3e CMakeFiles/snake_game.dir/C_/pico/pico-sdk/src/common/pico_time/time.c.obj
 *fill*         0x100009c2        0x2 
 .text.add_alarm_under_lock
                0x100009c4      0x174 CMakeFiles/snake_game.dir/C_/pico/pico-sdk/src/common/pico_time/time.c.obj
 .text.alarm_pool_alarm_callback
                0x10000b38      0x328 CMakeFiles/snake_game.dir/C_/pico/pico-sdk/src/common/pico_time/time.c.obj
 .text.alarm_pool_init_default
                0x10000e60       0x2c CMakeFiles/snake_game.dir/C_/pico/pico-sdk/src/common/pico_time/time.c.obj
                0x10000e60                alarm_pool_init_default
 .text.alarm_pool_get_default
                0x10000e8c       0x2c CMakeFiles/snake_game.dir/C_/pico/pico-sdk/src/common/pico_time/time.c.obj
                0x10000e8c                alarm_pool_get_default
 .text.alarm_pool_add_alarm_at
                0x10000eb8      0x170 CMakeFiles/snake_game.dir/C_/pico/pico-sdk/src/common/pico_time/time.c.obj
                0x10000eb8                alarm_pool_add_alarm_at
 .text.alarm_pool_cancel_alarm
                0x10001028       0xec CMakeFiles/snake_game.dir/C_/pico/pico-sdk/src/common/pico_time/time.c.obj
                0x10001028                alarm_pool_cancel_alarm
 .text.sleep_until
                0x10001114       0xd4 CMakeFiles/snake_game.dir/C_/pico/pico-sdk/src/common/pico_time/time.c.obj
                0x10001114                sleep_until
 .text.sleep_us
                0x100011e8       0x58 CMakeFiles/snake_game.dir/C_/pico/pico-sdk/src/common/pico_time/time.c.obj
                0x100011e8                sleep_us
 .text.sleep_ms
                0x10001240       0x14 CMakeFiles/snake_game.dir/C_/pico/pico-sdk/src/common/pico_time/time.c.obj
                0x10001240                sleep_ms
 .text.best_effort_wfe_or_timeout
                0x10001254       0x80 CMakeFiles/snake_game.dir/C_/pico/pico-sdk/src/common/pico_time/time.c.obj
                0x10001254                best_effort_wfe_or_timeout
 .text.hardware_alarm_irq_handler
                0x100012d4       0x8c CMakeFiles/snake_game.dir/C_/pico/pico-sdk/src/rp2_common/hardware_timer/timer.c.obj
 .text.hardware_alarm_claim
                0x10001360       0x18 CMakeFiles/snake_game.dir/C_/pico/pico-sdk/src/rp2_common/hardware_timer/timer.c.obj
                0x10001360                hardware_alarm_claim
 .text.time_us_64
                0x10001378       0x18 CMakeFiles/snake_game.dir/C_/pico/pico-sdk/src/rp2_common/hardware_timer/timer.c.obj
                0x10001378                time_us_64
 .text.busy_wait_until
                0x10001390       0x28 CMakeFiles/snake_game.dir/C_/pico/pico-sdk/src/rp2_common/hardware_timer/timer.c.obj
                0x10001390                busy_wait_until
 .text.hardware_alarm_set_callback
                0x100013b8       0x90 CMakeFiles/snake_game.dir/C_/pico/pico-sdk/src/rp2_common/hardware_timer/timer.c.obj
                0x100013b8                hardware_alarm_set_callback
 .text.hardware_alarm_set_target
                0x10001448       0xe8 CMakeFiles/snake_game.dir/C_/pico/pico-sdk/src/rp2_common/hardware_timer/timer.c.obj
                0x10001448                hardware_alarm_set_target
 .text.hardware_alarm_cancel
                0x10001530       0x40 CMakeFiles/snake_game.dir/C_/pico/pico-sdk/src/rp2_common/hardware_timer/timer.c.obj
                0x10001530                hardware_alarm_cancel
 .text.lock_init
                0x10001570       0x10 CMakeFiles/snake_game.dir/C_/pico/pico-sdk/src/common/pico_sync/lock_core.c.obj
                0x10001570                lock_init
 .text.mutex_init
                0x10001580       0x1a CMakeFiles/snake_game.dir/C_/pico/pico-sdk/src/common/pico_sync/mutex.c.obj
                0x10001580                mutex_init
 .text.critical_section_init_with_lock_num
                0x1000159a        0xc CMakeFiles/snake_game.dir/C_/pico/pico-sdk/src/common/pico_sync/critical_section.c.obj
                0x1000159a                critical_section_init_with_lock_num
 .text.critical_section_init
                0x100015a6       0x14 CMakeFiles/snake_game.dir/C_/pico/pico-sdk/src/common/pico_sync/critical_section.c.obj
                0x100015a6                critical_section_init
 *fill*         0x100015ba        0x2 
 .text.ph_add_child_node
                0x100015bc       0xa4 CMakeFiles/snake_game.dir/C_/pico/pico-sdk/src/common/pico_util/pheap.c.obj
 .text.ph_merge_nodes
                0x10001660       0x3e CMakeFiles/snake_game.dir/C_/pico/pico-sdk/src/common/pico_util/pheap.c.obj
 *fill*         0x1000169e        0x2 
 .text.ph_clear
                0x100016a0       0x70 CMakeFiles/snake_game.dir/C_/pico/pico-sdk/src/common/pico_util/pheap.c.obj
                0x100016a0                ph_clear
 .text.ph_post_alloc_init
                0x10001710        0xe CMakeFiles/snake_game.dir/C_/pico/pico-sdk/src/common/pico_util/pheap.c.obj
                0x10001710                ph_post_alloc_init
 *fill*         0x1000171e        0x2 
 .text.ph_merge_two_pass
                0x10001720       0xa8 CMakeFiles/snake_game.dir/C_/pico/pico-sdk/src/common/pico_util/pheap.c.obj
                0x10001720                ph_merge_two_pass
 .text.ph_remove_any_head
                0x100017c8      0x108 CMakeFiles/snake_game.dir/C_/pico/pico-sdk/src/common/pico_util/pheap.c.obj
 .text.ph_remove_head
                0x100018d0       0x14 CMakeFiles/snake_game.dir/C_/pico/pico-sdk/src/common/pico_util/pheap.c.obj
                0x100018d0                ph_remove_head
 .text.ph_remove_and_free_node
                0x100018e4       0xf8 CMakeFiles/snake_game.dir/C_/pico/pico-sdk/src/common/pico_util/pheap.c.obj
                0x100018e4                ph_remove_and_free_node
 .text.runtime_init
                0x100019dc       0xcc CMakeFiles/snake_game.dir/C_/pico/pico-sdk/src/rp2_common/pico_runtime/runtime.c.obj
                0x100019dc                runtime_init
 .text._exit    0x10001aa8        0x4 CMakeFiles/snake_game.dir/C_/pico/pico-sdk/src/rp2_common/pico_runtime/runtime.c.obj
                0x10001aa8                _exit
 .text._sbrk    0x10001aac       0x38 CMakeFiles/snake_game.dir/C_/pico/pico-sdk/src/rp2_common/pico_runtime/runtime.c.obj
                0x10001aac                _sbrk
 .text.exit     0x10001ae4        0x6 CMakeFiles/snake_game.dir/C_/pico/pico-sdk/src/rp2_common/pico_runtime/runtime.c.obj
                0x10001ae4                exit
 *fill*         0x10001aea        0x2 
 .text.__assert_func
                0x10001aec       0x3c CMakeFiles/snake_game.dir/C_/pico/pico-sdk/src/rp2_common/pico_runtime/runtime.c.obj
                0x10001aec                __assert_func
 .text.panic    0x10001b28       0x30 CMakeFiles/snake_game.dir/C_/pico/pico-sdk/src/rp2_common/pico_runtime/runtime.c.obj
                0x10001b28                panic
 .text.clock_configure
                0x10001b58       0xe8 CMakeFiles/snake_game.dir/C_/pico/pico-sdk/src/rp2_common/hardware_clocks/clocks.c.obj
                0x10001b58                clock_configure
 .text.clocks_init
                0x10001c40      0x124 CMakeFiles/snake_game.dir/C_/pico/pico-sdk/src/rp2_common/hardware_clocks/clocks.c.obj
                0x10001c40                clocks_init
 .text.clock_get_hz
                0x10001d64        0xc CMakeFiles/snake_game.dir/C_/pico/pico-sdk/src/rp2_common/hardware_clocks/clocks.c.obj
                0x10001d64                clock_get_hz
 .text.watchdog_start_tick
                0x10001d70       0x10 CMakeFiles/snake_game.dir/C_/pico/pico-sdk/src/rp2_common/hardware_watchdog/watchdog.c.obj
                0x10001d70                watchdog_start_tick
 .text.watchdog_update
                0x10001d80       0x14 CMakeFiles/snake_game.dir/C_/pico/pico-sdk/src/rp2_common/hardware_watchdog/watchdog.c.obj
                0x10001d80                watchdog_update
 .text._watchdog_enable
                0x10001d94       0x70 CMakeFiles/snake_game.dir/C_/pico/pico-sdk/src/rp2_common/hardware_watchdog/watchdog.c.obj
                0x10001d94                _watchdog_enable
 .text.watchdog_reboot
                0x10001e04       0x48 CMakeFiles/snake_game.dir/C_/pico/pico-sdk/src/rp2_common/hardware_watchdog/watchdog.c.obj
                0x10001e04                watchdog_reboot
 .text.xosc_init
                0x10001e4c       0x28 CMakeFiles/snake_game.dir/C_/pico/pico-sdk/src/rp2_common/hardware_xosc/xosc.c.obj
                0x10001e4c                xosc_init
 .text.pll_init
                0x10001e74       0xd0 CMakeFiles/snake_game.dir/C_/pico/pico-sdk/src/rp2_common/hardware_pll/pll.c.obj
                0x10001e74                pll_init
 .text.set_raw_irq_handler_and_unlock
                0x10001f44       0x28 CMakeFiles/snake_game.dir/C_/pico/pico-sdk/src/rp2_common/hardware_irq/irq.c.obj
 .text.make_branch
                0x10001f6c       0x34 CMakeFiles/snake_game.dir/C_/pico/pico-sdk/src/rp2_common/hardware_irq/irq.c.obj
 .text.insert_branch_and_link
                0x10001fa0       0x40 CMakeFiles/snake_game.dir/C_/pico/pico-sdk/src/rp2_common/hardware_irq/irq.c.obj
 .text.irq_is_enabled
                0x10001fe0       0x18 CMakeFiles/snake_game.dir/C_/pico/pico-sdk/src/rp2_common/hardware_irq/irq.c.obj
                0x10001fe0                irq_is_enabled
 .text.irq_set_mask_enabled
                0x10001ff8       0x20 CMakeFiles/snake_game.dir/C_/pico/pico-sdk/src/rp2_common/hardware_irq/irq.c.obj
                0x10001ff8                irq_set_mask_enabled
 .text.irq_set_enabled
                0x10002018        0xe CMakeFiles/snake_game.dir/C_/pico/pico-sdk/src/rp2_common/hardware_irq/irq.c.obj
                0x10002018                irq_set_enabled
 *fill*         0x10002026        0x2 
 .text.irq_set_pending
                0x10002028       0x10 CMakeFiles/snake_game.dir/C_/pico/pico-sdk/src/rp2_common/hardware_irq/irq.c.obj
                0x10002028                irq_set_pending
 .text.irq_get_vtable_handler
                0x10002038       0x10 CMakeFiles/snake_game.dir/C_/pico/pico-sdk/src/rp2_common/hardware_irq/irq.c.obj
                0x10002038                irq_get_vtable_handler
 .text.irq_set_exclusive_handler
                0x10002048       0x54 CMakeFiles/snake_game.dir/C_/pico/pico-sdk/src/rp2_common/hardware_irq/irq.c.obj
                0x10002048                irq_set_exclusive_handler
 .text.irq_remove_handler
                0x1000209c      0x1ac CMakeFiles/snake_game.dir/C_/pico/pico-sdk/src/rp2_common/hardware_irq/irq.c.obj
                0x1000209c                irq_remove_handler
 .text.irq_set_priority
                0x10002248       0x28 CMakeFiles/snake_game.dir/C_/pico/pico-sdk/src/rp2_common/hardware_irq/irq.c.obj
                0x10002248                irq_set_priority
 .text.irq_add_tail_to_free_list
                0x10002270       0xf0 CMakeFiles/snake_game.dir/C_/pico/pico-sdk/src/rp2_common/hardware_irq/irq.c.obj
                0x10002270                irq_add_tail_to_free_list
 .text.irq_init_priorities
                0x10002360       0x16 CMakeFiles/snake_game.dir/C_/pico/pico-sdk/src/rp2_common/hardware_irq/irq.c.obj
                0x10002360                irq_init_priorities
 .text._out_buffer
                0x10002376        0x8 CMakeFiles/snake_game.dir/C_/pico/pico-sdk/src/rp2_common/pico_printf/printf.c.obj
 .text._out_null
                0x1000237e        0x2 CMakeFiles/snake_game.dir/C_/pico/pico-sdk/src/rp2_common/pico_printf/printf.c.obj
 .text._out_fct
                0x10002380        0xe CMakeFiles/snake_game.dir/C_/pico/pico-sdk/src/rp2_common/pico_printf/printf.c.obj
 .text._atoi    0x1000238e       0x24 CMakeFiles/snake_game.dir/C_/pico/pico-sdk/src/rp2_common/pico_printf/printf.c.obj
 .text._out_rev
                0x100023b2       0xae CMakeFiles/snake_game.dir/C_/pico/pico-sdk/src/rp2_common/pico_printf/printf.c.obj
 .text._ntoa_format
                0x10002460      0x112 CMakeFiles/snake_game.dir/C_/pico/pico-sdk/src/rp2_common/pico_printf/printf.c.obj
 .text._ntoa_long
                0x10002572       0xbc CMakeFiles/snake_game.dir/C_/pico/pico-sdk/src/rp2_common/pico_printf/printf.c.obj
 .text._ntoa_long_long
                0x1000262e       0xe2 CMakeFiles/snake_game.dir/C_/pico/pico-sdk/src/rp2_common/pico_printf/printf.c.obj
 .text._etoa    0x10002710      0x414 CMakeFiles/snake_game.dir/C_/pico/pico-sdk/src/rp2_common/pico_printf/printf.c.obj
 .text._ftoa    0x10002b24      0x354 CMakeFiles/snake_game.dir/C_/pico/pico-sdk/src/rp2_common/pico_printf/printf.c.obj
 .text._vsnprintf
                0x10002e78      0x624 CMakeFiles/snake_game.dir/C_/pico/pico-sdk/src/rp2_common/pico_printf/printf.c.obj
 .text.__wrap_sprintf
                0x1000349c       0x28 CMakeFiles/snake_game.dir/C_/pico/pico-sdk/src/rp2_common/pico_printf/printf.c.obj
                0x1000349c                __wrap_sprintf
 .text.vfctprintf
                0x100034c4       0x20 CMakeFiles/snake_game.dir/C_/pico/pico-sdk/src/rp2_common/pico_printf/printf.c.obj
                0x100034c4                vfctprintf
 .text          0x100034e4       0x10 CMakeFiles/snake_game.dir/C_/pico/pico-sdk/src/rp2_common/pico_bit_ops/bit_ops_aeabi.S.obj
 .text.rom_func_lookup
                0x100034f4       0x10 CMakeFiles/snake_game.dir/C_/pico/pico-sdk/src/rp2_common/pico_bootrom/bootrom.c.obj
                0x100034f4                rom_func_lookup
 .text.rom_data_lookup
                0x10003504       0x10 CMakeFiles/snake_game.dir/C_/pico/pico-sdk/src/rp2_common/pico_bootrom/bootrom.c.obj
                0x10003504                rom_data_lookup
 .text.rom_funcs_lookup
                0x10003514       0x36 CMakeFiles/snake_game.dir/C_/pico/pico-sdk/src/rp2_common/pico_bootrom/bootrom.c.obj
                0x10003514                rom_funcs_lookup
 *fill*         0x1000354a        0x2 
 .text.__wrap___aeabi_idiv
                0x1000354c       0x58 CMakeFiles/snake_game.dir/C_/pico/pico-sdk/src/rp2_common/pico_divider/divider.S.obj
                0x1000354c                __wrap___aeabi_idivmod
                0x1000354c                divmod_s32s32
                0x1000354c                div_s32s32
                0x1000354c                __wrap___aeabi_idiv
                0x10003554                divmod_s32s32_unsafe
                0x10003580                divmod_s32s32_savestate
 .text.__wrap___aeabi_uidiv
                0x100035a4       0x54 CMakeFiles/snake_game.dir/C_/pico/pico-sdk/src/rp2_common/pico_divider/divider.S.obj
                0x100035a4                __wrap___aeabi_uidiv
                0x100035a4                __wrap___aeabi_uidivmod
                0x100035a4                div_u32u32
                0x100035a4                divmod_u32u32
                0x100035ac                divmod_u32u32_unsafe
                0x100035d4                divmod_u32u32_savestate
 .text.__wrap___aeabi_ldiv
                0x100035f8      0x430 CMakeFiles/snake_game.dir/C_/pico/pico-sdk/src/rp2_common/pico_divider/divider.S.obj
                0x100035f8                div_s64s64
                0x100035f8                divmod_s64s64
                0x100035f8                __wrap___aeabi_ldivmod
                0x10003630                divmod_u64u64
                0x10003630                div_u64u64
                0x10003630                __wrap___aeabi_uldivmod
                0x10003640                divmod_u64u64_savestate
                0x10003668                divmod_s64s64_unsafe
                0x100036f0                divmod_u64u64_unsafe
 .text.__wrap___aeabi_darithmetic
                0x10003a28       0x54 CMakeFiles/snake_game.dir/C_/pico/pico-sdk/src/rp2_common/pico_double/double_aeabi.S.obj
                0x10003a28                __wrap___aeabi_drsub
                0x10003a2e                __wrap___aeabi_dsub
                0x10003a40                __wrap___aeabi_dadd
                0x10003a52                __wrap___aeabi_ddiv
                0x10003a64                __wrap___aeabi_dmul
 .text.__wrap___aeabi_cdcmple
                0x10003a7c       0x6c CMakeFiles/snake_game.dir/C_/pico/pico-sdk/src/rp2_common/pico_double/double_aeabi.S.obj
                0x10003a7c                __wrap___aeabi_cdrcmple
                0x10003a8c                __wrap___aeabi_cdcmpeq
                0x10003a8c                __wrap___aeabi_cdcmple
 .text.__wrap___aeabi_dcmplt
                0x10003ae8        0xc CMakeFiles/snake_game.dir/C_/pico/pico-sdk/src/rp2_common/pico_double/double_aeabi.S.obj
                0x10003ae8                __wrap___aeabi_dcmplt
 .text.__wrap___aeabi_dcmple
                0x10003af4       0x10 CMakeFiles/snake_game.dir/C_/pico/pico-sdk/src/rp2_common/pico_double/double_aeabi.S.obj
                0x10003af4                __wrap___aeabi_dcmple
 .text.__wrap___aeabi_dcmpge
                0x10003b04       0x10 CMakeFiles/snake_game.dir/C_/pico/pico-sdk/src/rp2_common/pico_double/double_aeabi.S.obj
                0x10003b04                __wrap___aeabi_dcmpge
 .text.__wrap___aeabi_dcmpgt
                0x10003b14        0xa CMakeFiles/snake_game.dir/C_/pico/pico-sdk/src/rp2_common/pico_double/double_aeabi.S.obj
                0x10003b14                __wrap___aeabi_dcmpgt
 .text.__wrap___aeabi_dcmpun
                0x10003b1e       0x1c CMakeFiles/snake_game.dir/C_/pico/pico-sdk/src/rp2_common/pico_double/double_aeabi.S.obj
                0x10003b1e                __wrap___aeabi_dcmpun
 *fill*         0x10003b3a        0x2 
 .text.__wrap___aeabi_i2d
                0x10003b3c       0x38 CMakeFiles/snake_game.dir/C_/pico/pico-sdk/src/rp2_common/pico_double/double_aeabi.S.obj
                0x10003b3c                __wrap___aeabi_ui2d
                0x10003b44                __wrap___aeabi_i2d
 .text.__wrap___aeabi_d2iz
                0x10003b74       0x48 CMakeFiles/snake_game.dir/C_/pico/pico-sdk/src/rp2_common/pico_double/double_aeabi.S.obj
                0x10003b74                double2int_z
                0x10003b74                __wrap___aeabi_d2iz
 .text.__wrap___aeabi_d2uiz
                0x10003bbc       0x18 CMakeFiles/snake_game.dir/C_/pico/pico-sdk/src/rp2_common/pico_double/double_aeabi.S.obj
                0x10003bbc                __wrap___aeabi_d2uiz
                0x10003bbc                double2uint
 .text.__aeabi_double_init
                0x10003bd4       0xb8 CMakeFiles/snake_game.dir/C_/pico/pico-sdk/src/rp2_common/pico_double/double_init_rom.c.obj
                0x10003bd4                __aeabi_double_init
 .text.double_table_shim_on_use_helper
                0x10003c8c       0x34 CMakeFiles/snake_game.dir/C_/pico/pico-sdk/src/rp2_common/pico_double/double_v1_rom_shim.S.obj
                0x10003c8c                double_table_shim_on_use_helper
 .text.__wrap___aeabi_dsub
                0x10003cc0       0x10 CMakeFiles/snake_game.dir/C_/pico/pico-sdk/src/rp2_common/pico_double/double_v1_rom_shim.S.obj
                0x10003cc0                drsub_shim
                0x10003cc6                dsub_shim
 .text.dadd_shim
                0x10003cd0      0x15c CMakeFiles/snake_game.dir/C_/pico/pico-sdk/src/rp2_common/pico_double/double_v1_rom_shim.S.obj
                0x10003cd0                dadd_shim
 .text.dmul_shim
                0x10003e2c      0x15c CMakeFiles/snake_game.dir/C_/pico/pico-sdk/src/rp2_common/pico_double/double_v1_rom_shim.S.obj
                0x10003e2c                dmul_shim
 .text.ddiv_shim
                0x10003f88      0x1b0 CMakeFiles/snake_game.dir/C_/pico/pico-sdk/src/rp2_common/pico_double/double_v1_rom_shim.S.obj
                0x10003f88                ddiv_shim
 .text.dcordic_rot_step
                0x10004138       0x7c CMakeFiles/snake_game.dir/C_/pico/pico-sdk/src/rp2_common/pico_double/double_v1_rom_shim.S.obj
                0x10004138                dcordic_rot_step
 .text.double2uint_shim
                0x100041b4        0xe CMakeFiles/snake_game.dir/C_/pico/pico-sdk/src/rp2_common/pico_double/double_v1_rom_shim.S.obj
                0x100041b4                double2uint_shim
                0x100041b6                double2ufix_shim
 *fill*         0x100041c2        0x2 
 .text.double2uint64_shim
                0x100041c4       0x6c CMakeFiles/snake_game.dir/C_/pico/pico-sdk/src/rp2_common/pico_double/double_v1_rom_shim.S.obj
                0x100041c4                double2uint64_shim
                0x100041c6                double2ufix64_shim
                0x100041e0                d2fix_a
 .text.dunpacks
                0x10004230       0x3c CMakeFiles/snake_game.dir/C_/pico/pico-sdk/src/rp2_common/pico_double/double_v1_rom_shim.S.obj
                0x10004230                dunpacks
 .text.__aeabi_lmul
                0x1000426c       0x32 CMakeFiles/snake_game.dir/C_/pico/pico-sdk/src/rp2_common/pico_int64_ops/pico_int64_ops_aeabi.S.obj
                0x1000426c                __wrap___aeabi_lmul
 *fill*         0x1000429e        0x2 
 .text.__aeabi_float_init
                0x100042a0       0xfc CMakeFiles/snake_game.dir/C_/pico/pico-sdk/src/rp2_common/pico_float/float_init_rom.c.obj
                0x100042a0                __aeabi_float_init
 .text.float_table_shim_on_use_helper
                0x1000439c       0x34 CMakeFiles/snake_game.dir/C_/pico/pico-sdk/src/rp2_common/pico_float/float_v1_rom_shim.S.obj
                0x1000439c                float_table_shim_on_use_helper
 .text.__wrap_malloc
                0x100043d0       0x24 CMakeFiles/snake_game.dir/C_/pico/pico-sdk/src/rp2_common/pico_malloc/pico_malloc.c.obj
                0x100043d0                __wrap_malloc
 .text.__wrap_free
                0x100043f4        0x8 CMakeFiles/snake_game.dir/C_/pico/pico-sdk/src/rp2_common/pico_malloc/pico_malloc.c.obj
                0x100043f4                __wrap_free
 .text          0x100043fc       0x10 CMakeFiles/snake_game.dir/C_/pico/pico-sdk/src/rp2_common/pico_mem_ops/mem_ops_aeabi.S.obj
                0x100043fc                __aeabi_mem_init
 .text.memset   0x1000440c        0xc CMakeFiles/snake_game.dir/C_/pico/pico-sdk/src/rp2_common/pico_mem_ops/mem_ops_aeabi.S.obj
                0x1000440c                __wrap_memset
 .text.memcpy   0x10004418        0xc CMakeFiles/snake_game.dir/C_/pico/pico-sdk/src/rp2_common/pico_mem_ops/mem_ops_aeabi.S.obj
                0x10004418                __wrap_memcpy
                0x10004418                __wrap___aeabi_memcpy
 .text._Znwj    0x10004424        0x8 CMakeFiles/snake_game.dir/C_/pico/pico-sdk/src/rp2_common/pico_standard_link/new_delete.cpp.obj
                0x10004424                operator new(unsigned int)
 .text._Znaj    0x1000442c        0x8 CMakeFiles/snake_game.dir/C_/pico/pico-sdk/src/rp2_common/pico_standard_link/new_delete.cpp.obj
                0x1000442c                operator new[](unsigned int)
 .text._ZdlPv   0x10004434        0x8 CMakeFiles/snake_game.dir/C_/pico/pico-sdk/src/rp2_common/pico_standard_link/new_delete.cpp.obj
                0x10004434                operator delete(void*)
 .text.stdio_out_chars_crlf
                0x1000443c       0x80 CMakeFiles/snake_game.dir/C_/pico/pico-sdk/src/rp2_common/pico_stdio/stdio.c.obj
 .text.stdio_stack_buffer_flush
                0x100044bc       0x44 CMakeFiles/snake_game.dir/C_/pico/pico-sdk/src/rp2_common/pico_stdio/stdio.c.obj
 .text.stdio_buffered_printer
                0x10004500       0x20 CMakeFiles/snake_game.dir/C_/pico/pico-sdk/src/rp2_common/pico_stdio/stdio.c.obj
 .text.stdout_serialize_begin
                0x10004520       0x2c CMakeFiles/snake_game.dir/C_/pico/pico-sdk/src/rp2_common/pico_stdio/stdio.c.obj
                0x10004520                stdout_serialize_begin
 .text.stdout_serialize_end
                0x1000454c       0x10 CMakeFiles/snake_game.dir/C_/pico/pico-sdk/src/rp2_common/pico_stdio/stdio.c.obj
                0x1000454c                stdout_serialize_end
 .text.stdio_put_string
                0x1000455c       0x84 CMakeFiles/snake_game.dir/C_/pico/pico-sdk/src/rp2_common/pico_stdio/stdio.c.obj
 .text.stdio_set_driver_enabled
                0x100045e0       0x38 CMakeFiles/snake_game.dir/C_/pico/pico-sdk/src/rp2_common/pico_stdio/stdio.c.obj
                0x100045e0                stdio_set_driver_enabled
 .text.stdio_flush
                0x10004618       0x20 CMakeFiles/snake_game.dir/C_/pico/pico-sdk/src/rp2_common/pico_stdio/stdio.c.obj
                0x10004618                stdio_flush
 .text.__wrap_puts
                0x10004638       0x1c CMakeFiles/snake_game.dir/C_/pico/pico-sdk/src/rp2_common/pico_stdio/stdio.c.obj
                0x10004638                __wrap_puts
 .text.__wrap_vprintf
                0x10004654       0x44 CMakeFiles/snake_game.dir/C_/pico/pico-sdk/src/rp2_common/pico_stdio/stdio.c.obj
                0x10004654                __wrap_vprintf
 .text.__wrap_printf
                0x10004698       0x18 CMakeFiles/snake_game.dir/C_/pico/pico-sdk/src/rp2_common/pico_stdio/stdio.c.obj
                0x10004698                __wrap_printf
 .text.stdio_init_all
                0x100046b0        0x8 CMakeFiles/snake_game.dir/C_/pico/pico-sdk/src/rp2_common/pico_stdio/stdio.c.obj
                0x100046b0                stdio_init_all
 .text.resetd_init
                0x100046b8        0x2 CMakeFiles/snake_game.dir/C_/pico/pico-sdk/src/rp2_common/pico_stdio_usb/reset_interface.c.obj
 *fill*         0x100046ba        0x2 
 .text.resetd_reset
                0x100046bc        0xc CMakeFiles/snake_game.dir/C_/pico/pico-sdk/src/rp2_common/pico_stdio_usb/reset_interface.c.obj
 .text.resetd_open
                0x100046c8       0x34 CMakeFiles/snake_game.dir/C_/pico/pico-sdk/src/rp2_common/pico_stdio_usb/reset_interface.c.obj
 .text.resetd_control_complete_cb
                0x100046fc        0x4 CMakeFiles/snake_game.dir/C_/pico/pico-sdk/src/rp2_common/pico_stdio_usb/reset_interface.c.obj
 .text.resetd_xfer_cb
                0x10004700        0x4 CMakeFiles/snake_game.dir/C_/pico/pico-sdk/src/rp2_common/pico_stdio_usb/reset_interface.c.obj
 .text.reset_usb_boot
                0x10004704       0x18 CMakeFiles/snake_game.dir/C_/pico/pico-sdk/src/rp2_common/pico_stdio_usb/reset_interface.c.obj
 .text.resetd_control_request_cb
                0x1000471c       0x58 CMakeFiles/snake_game.dir/C_/pico/pico-sdk/src/rp2_common/pico_stdio_usb/reset_interface.c.obj
 .text.usbd_app_driver_get_cb
                0x10004774        0xc CMakeFiles/snake_game.dir/C_/pico/pico-sdk/src/rp2_common/pico_stdio_usb/reset_interface.c.obj
                0x10004774                usbd_app_driver_get_cb
 .text.tud_cdc_line_coding_cb
                0x10004780       0x28 CMakeFiles/snake_game.dir/C_/pico/pico-sdk/src/rp2_common/pico_stdio_usb/reset_interface.c.obj
                0x10004780                tud_cdc_line_coding_cb
 .text.stdio_usb_in_chars
                0x100047a8       0x70 CMakeFiles/snake_game.dir/C_/pico/pico-sdk/src/rp2_common/pico_stdio_usb/stdio_usb.c.obj
                0x100047a8                stdio_usb_in_chars
 .text.low_priority_worker_irq
                0x10004818       0x20 CMakeFiles/snake_game.dir/C_/pico/pico-sdk/src/rp2_common/pico_stdio_usb/stdio_usb.c.obj
 .text.stdio_usb_out_chars
                0x10004838       0xd4 CMakeFiles/snake_game.dir/C_/pico/pico-sdk/src/rp2_common/pico_stdio_usb/stdio_usb.c.obj
 .text.timer_task
                0x1000490c       0x10 CMakeFiles/snake_game.dir/C_/pico/pico-sdk/src/rp2_common/pico_stdio_usb/stdio_usb.c.obj
 .text.stdio_usb_init
                0x1000491c       0xb8 CMakeFiles/snake_game.dir/C_/pico/pico-sdk/src/rp2_common/pico_stdio_usb/stdio_usb.c.obj
                0x1000491c                stdio_usb_init
 .text.tud_descriptor_device_cb
                0x100049d4        0x8 CMakeFiles/snake_game.dir/C_/pico/pico-sdk/src/rp2_common/pico_stdio_usb/stdio_usb_descriptors.c.obj
                0x100049d4                tud_descriptor_device_cb
 .text.tud_descriptor_configuration_cb
                0x100049dc        0x8 CMakeFiles/snake_game.dir/C_/pico/pico-sdk/src/rp2_common/pico_stdio_usb/stdio_usb_descriptors.c.obj
                0x100049dc                tud_descriptor_configuration_cb
 .text.tud_descriptor_string_cb
                0x100049e4       0x50 CMakeFiles/snake_game.dir/C_/pico/pico-sdk/src/rp2_common/pico_stdio_usb/stdio_usb_descriptors.c.obj
                0x100049e4                tud_descriptor_string_cb
 .text.hw_endpoint_get_by_addr
                0x10004a34       0x1c CMakeFiles/snake_game.dir/C_/pico/pico-sdk/lib/tinyusb/src/portable/raspberrypi/rp2040/dcd_rp2040.c.obj
 .text.reset_ep0
                0x10004a50       0x2c CMakeFiles/snake_game.dir/C_/pico/pico-sdk/lib/tinyusb/src/portable/raspberrypi/rp2040/dcd_rp2040.c.obj
 .text._hw_endpoint_alloc
                0x10004a7c       0x7c CMakeFiles/snake_game.dir/C_/pico/pico-sdk/lib/tinyusb/src/portable/raspberrypi/rp2040/dcd_rp2040.c.obj
 .text._hw_endpoint_init
                0x10004af8       0xbc CMakeFiles/snake_game.dir/C_/pico/pico-sdk/lib/tinyusb/src/portable/raspberrypi/rp2040/dcd_rp2040.c.obj
 .text.hw_endpoint_init
                0x10004bb4       0x18 CMakeFiles/snake_game.dir/C_/pico/pico-sdk/lib/tinyusb/src/portable/raspberrypi/rp2040/dcd_rp2040.c.obj
 .text.hw_handle_buff_status
                0x10004bcc       0xb8 CMakeFiles/snake_game.dir/C_/pico/pico-sdk/lib/tinyusb/src/portable/raspberrypi/rp2040/dcd_rp2040.c.obj
 .text.dcd_rp2040_irq
                0x10004c84       0x8c CMakeFiles/snake_game.dir/C_/pico/pico-sdk/lib/tinyusb/src/portable/raspberrypi/rp2040/dcd_rp2040.c.obj
 .text.hw_endpoint_xfer
                0x10004d10       0x18 CMakeFiles/snake_game.dir/C_/pico/pico-sdk/lib/tinyusb/src/portable/raspberrypi/rp2040/dcd_rp2040.c.obj
 .text.ep0_0len_status
                0x10004d28       0x14 CMakeFiles/snake_game.dir/C_/pico/pico-sdk/lib/tinyusb/src/portable/raspberrypi/rp2040/dcd_rp2040.c.obj
 .text._hw_endpoint_stall
                0x10004d3c       0x54 CMakeFiles/snake_game.dir/C_/pico/pico-sdk/lib/tinyusb/src/portable/raspberrypi/rp2040/dcd_rp2040.c.obj
 .text.hw_endpoint_stall
                0x10004d90        0xc CMakeFiles/snake_game.dir/C_/pico/pico-sdk/lib/tinyusb/src/portable/raspberrypi/rp2040/dcd_rp2040.c.obj
 .text._hw_endpoint_clear_stall
                0x10004d9c       0x34 CMakeFiles/snake_game.dir/C_/pico/pico-sdk/lib/tinyusb/src/portable/raspberrypi/rp2040/dcd_rp2040.c.obj
 .text.hw_endpoint_clear_stall
                0x10004dd0        0xc CMakeFiles/snake_game.dir/C_/pico/pico-sdk/lib/tinyusb/src/portable/raspberrypi/rp2040/dcd_rp2040.c.obj
 .text.dcd_int_enable
                0x10004ddc       0x2c CMakeFiles/snake_game.dir/C_/pico/pico-sdk/lib/tinyusb/src/portable/raspberrypi/rp2040/dcd_rp2040.c.obj
                0x10004ddc                dcd_int_enable
 .text.dcd_set_address
                0x10004e08       0x30 CMakeFiles/snake_game.dir/C_/pico/pico-sdk/lib/tinyusb/src/portable/raspberrypi/rp2040/dcd_rp2040.c.obj
                0x10004e08                dcd_set_address
 .text.dcd_connect
                0x10004e38       0x30 CMakeFiles/snake_game.dir/C_/pico/pico-sdk/lib/tinyusb/src/portable/raspberrypi/rp2040/dcd_rp2040.c.obj
                0x10004e38                dcd_connect
 .text.dcd_init
                0x10004e68       0x90 CMakeFiles/snake_game.dir/C_/pico/pico-sdk/lib/tinyusb/src/portable/raspberrypi/rp2040/dcd_rp2040.c.obj
                0x10004e68                dcd_init
 .text.dcd_edpt0_status_complete
                0x10004ef8       0x44 CMakeFiles/snake_game.dir/C_/pico/pico-sdk/lib/tinyusb/src/portable/raspberrypi/rp2040/dcd_rp2040.c.obj
                0x10004ef8                dcd_edpt0_status_complete
 .text.dcd_edpt_open
                0x10004f3c       0x40 CMakeFiles/snake_game.dir/C_/pico/pico-sdk/lib/tinyusb/src/portable/raspberrypi/rp2040/dcd_rp2040.c.obj
                0x10004f3c                dcd_edpt_open
 .text.dcd_edpt_xfer
                0x10004f7c       0x34 CMakeFiles/snake_game.dir/C_/pico/pico-sdk/lib/tinyusb/src/portable/raspberrypi/rp2040/dcd_rp2040.c.obj
                0x10004f7c                dcd_edpt_xfer
 .text.dcd_edpt_stall
                0x10004fb0       0x28 CMakeFiles/snake_game.dir/C_/pico/pico-sdk/lib/tinyusb/src/portable/raspberrypi/rp2040/dcd_rp2040.c.obj
                0x10004fb0                dcd_edpt_stall
 .text.dcd_edpt_clear_stall
                0x10004fd8       0x28 CMakeFiles/snake_game.dir/C_/pico/pico-sdk/lib/tinyusb/src/portable/raspberrypi/rp2040/dcd_rp2040.c.obj
                0x10004fd8                dcd_edpt_clear_stall
 .text.rp2040_usb_init
                0x10005000       0x50 CMakeFiles/snake_game.dir/C_/pico/pico-sdk/lib/tinyusb/src/portable/raspberrypi/rp2040/rp2040_usb.c.obj
                0x10005000                rp2040_usb_init
 .text.hw_endpoint_reset_transfer
                0x10005050       0x14 CMakeFiles/snake_game.dir/C_/pico/pico-sdk/lib/tinyusb/src/portable/raspberrypi/rp2040/rp2040_usb.c.obj
                0x10005050                hw_endpoint_reset_transfer
 .text._hw_endpoint_buffer_control_update32
                0x10005064       0x54 CMakeFiles/snake_game.dir/C_/pico/pico-sdk/lib/tinyusb/src/portable/raspberrypi/rp2040/rp2040_usb.c.obj
                0x10005064                _hw_endpoint_buffer_control_update32
 .text._hw_endpoint_start_next_buffer
                0x100050b8       0x5a CMakeFiles/snake_game.dir/C_/pico/pico-sdk/lib/tinyusb/src/portable/raspberrypi/rp2040/rp2040_usb.c.obj
                0x100050b8                _hw_endpoint_start_next_buffer
 .text._hw_endpoint_xfer_start
                0x10005112       0x46 CMakeFiles/snake_game.dir/C_/pico/pico-sdk/lib/tinyusb/src/portable/raspberrypi/rp2040/rp2040_usb.c.obj
                0x10005112                _hw_endpoint_xfer_start
 .text._hw_endpoint_xfer_sync
                0x10005158       0x74 CMakeFiles/snake_game.dir/C_/pico/pico-sdk/lib/tinyusb/src/portable/raspberrypi/rp2040/rp2040_usb.c.obj
                0x10005158                _hw_endpoint_xfer_sync
 .text._hw_endpoint_xfer_continue
                0x100051cc       0x58 CMakeFiles/snake_game.dir/C_/pico/pico-sdk/lib/tinyusb/src/portable/raspberrypi/rp2040/rp2040_usb.c.obj
                0x100051cc                _hw_endpoint_xfer_continue
 .text._hw_endpoint_xfer
                0x10005224       0x34 CMakeFiles/snake_game.dir/C_/pico/pico-sdk/lib/tinyusb/src/portable/raspberrypi/rp2040/rp2040_usb.c.obj
                0x10005224                _hw_endpoint_xfer
 .text.mark_interface_endpoint
                0x10005258       0x2a CMakeFiles/snake_game.dir/C_/pico/pico-sdk/lib/tinyusb/src/device/usbd.c.obj
 *fill*         0x10005282        0x2 
 .text.usbd_reset
                0x10005284       0x88 CMakeFiles/snake_game.dir/C_/pico/pico-sdk/lib/tinyusb/src/device/usbd.c.obj
 .text.invoke_class_control
                0x1000530c       0x18 CMakeFiles/snake_game.dir/C_/pico/pico-sdk/lib/tinyusb/src/device/usbd.c.obj
 .text.process_set_config
                0x10005324      0x1d0 CMakeFiles/snake_game.dir/C_/pico/pico-sdk/lib/tinyusb/src/device/usbd.c.obj
 .text.process_get_descriptor
                0x100054f4       0xf4 CMakeFiles/snake_game.dir/C_/pico/pico-sdk/lib/tinyusb/src/device/usbd.c.obj
 .text.tud_mounted
                0x100055e8       0x10 CMakeFiles/snake_game.dir/C_/pico/pico-sdk/lib/tinyusb/src/device/usbd.c.obj
                0x100055e8                tud_mounted
 .text.tud_suspended
                0x100055f8       0x10 CMakeFiles/snake_game.dir/C_/pico/pico-sdk/lib/tinyusb/src/device/usbd.c.obj
                0x100055f8                tud_suspended
 .text.tud_init
                0x10005608       0xb8 CMakeFiles/snake_game.dir/C_/pico/pico-sdk/lib/tinyusb/src/device/usbd.c.obj
                0x10005608                tud_init
 .text.dcd_event_handler
                0x100056c0      0x1c4 CMakeFiles/snake_game.dir/C_/pico/pico-sdk/lib/tinyusb/src/device/usbd.c.obj
                0x100056c0                dcd_event_handler
 .text.dcd_event_bus_signal
                0x10005884       0x26 CMakeFiles/snake_game.dir/C_/pico/pico-sdk/lib/tinyusb/src/device/usbd.c.obj
                0x10005884                dcd_event_bus_signal
 .text.dcd_event_setup_received
                0x100058aa       0x34 CMakeFiles/snake_game.dir/C_/pico/pico-sdk/lib/tinyusb/src/device/usbd.c.obj
                0x100058aa                dcd_event_setup_received
 .text.dcd_event_xfer_complete
                0x100058de       0x44 CMakeFiles/snake_game.dir/C_/pico/pico-sdk/lib/tinyusb/src/device/usbd.c.obj
                0x100058de                dcd_event_xfer_complete
 .text.usbd_edpt_open
                0x10005922        0x8 CMakeFiles/snake_game.dir/C_/pico/pico-sdk/lib/tinyusb/src/device/usbd.c.obj
                0x10005922                usbd_edpt_open
 *fill*         0x1000592a        0x2 
 .text.usbd_open_edpt_pair
                0x1000592c       0x8c CMakeFiles/snake_game.dir/C_/pico/pico-sdk/lib/tinyusb/src/device/usbd.c.obj
                0x1000592c                usbd_open_edpt_pair
 .text.usbd_edpt_claim
                0x100059b8       0x8c CMakeFiles/snake_game.dir/C_/pico/pico-sdk/lib/tinyusb/src/device/usbd.c.obj
                0x100059b8                usbd_edpt_claim
 .text.usbd_edpt_release
                0x10005a44       0x68 CMakeFiles/snake_game.dir/C_/pico/pico-sdk/lib/tinyusb/src/device/usbd.c.obj
                0x10005a44                usbd_edpt_release
 .text.usbd_edpt_xfer
                0x10005aac       0x80 CMakeFiles/snake_game.dir/C_/pico/pico-sdk/lib/tinyusb/src/device/usbd.c.obj
                0x10005aac                usbd_edpt_xfer
 .text.usbd_edpt_stall
                0x10005b2c       0x2c CMakeFiles/snake_game.dir/C_/pico/pico-sdk/lib/tinyusb/src/device/usbd.c.obj
                0x10005b2c                usbd_edpt_stall
 .text.usbd_edpt_clear_stall
                0x10005b58       0x2c CMakeFiles/snake_game.dir/C_/pico/pico-sdk/lib/tinyusb/src/device/usbd.c.obj
                0x10005b58                usbd_edpt_clear_stall
 .text.usbd_edpt_stalled
                0x10005b84       0x1c CMakeFiles/snake_game.dir/C_/pico/pico-sdk/lib/tinyusb/src/device/usbd.c.obj
                0x10005b84                usbd_edpt_stalled
 .text.process_control_request
                0x10005ba0      0x37c CMakeFiles/snake_game.dir/C_/pico/pico-sdk/lib/tinyusb/src/device/usbd.c.obj
 .text.tud_task
                0x10005f1c      0x204 CMakeFiles/snake_game.dir/C_/pico/pico-sdk/lib/tinyusb/src/device/usbd.c.obj
                0x10005f1c                tud_task
 .text._data_stage_xact
                0x10006120       0x58 CMakeFiles/snake_game.dir/C_/pico/pico-sdk/lib/tinyusb/src/device/usbd_control.c.obj
 .text.tud_control_status
                0x10006178       0x38 CMakeFiles/snake_game.dir/C_/pico/pico-sdk/lib/tinyusb/src/device/usbd_control.c.obj
                0x10006178                tud_control_status
 .text.tud_control_xfer
                0x100061b0       0xa8 CMakeFiles/snake_game.dir/C_/pico/pico-sdk/lib/tinyusb/src/device/usbd_control.c.obj
                0x100061b0                tud_control_xfer
 .text.usbd_control_reset
                0x10006258       0x14 CMakeFiles/snake_game.dir/C_/pico/pico-sdk/lib/tinyusb/src/device/usbd_control.c.obj
                0x10006258                usbd_control_reset
 .text.usbd_control_set_complete_callback
                0x1000626c        0xc CMakeFiles/snake_game.dir/C_/pico/pico-sdk/lib/tinyusb/src/device/usbd_control.c.obj
                0x1000626c                usbd_control_set_complete_callback
 .text.usbd_control_set_request
                0x10006278       0x1c CMakeFiles/snake_game.dir/C_/pico/pico-sdk/lib/tinyusb/src/device/usbd_control.c.obj
                0x10006278                usbd_control_set_request
 .text.usbd_control_xfer_cb
                0x10006294       0xe8 CMakeFiles/snake_game.dir/C_/pico/pico-sdk/lib/tinyusb/src/device/usbd_control.c.obj
                0x10006294                usbd_control_xfer_cb
 .text._prep_out_transaction
                0x1000637c       0x46 CMakeFiles/snake_game.dir/C_/pico/pico-sdk/lib/tinyusb/src/class/cdc/cdc_device.c.obj
 *fill*         0x100063c2        0x2 
 .text.tud_cdc_n_connected
                0x100063c4       0x48 CMakeFiles/snake_game.dir/C_/pico/pico-sdk/lib/tinyusb/src/class/cdc/cdc_device.c.obj
                0x100063c4                tud_cdc_n_connected
 .text.tud_cdc_n_available
                0x1000640c       0x20 CMakeFiles/snake_game.dir/C_/pico/pico-sdk/lib/tinyusb/src/class/cdc/cdc_device.c.obj
                0x1000640c                tud_cdc_n_available
 .text.tud_cdc_n_read
                0x1000642c       0x30 CMakeFiles/snake_game.dir/C_/pico/pico-sdk/lib/tinyusb/src/class/cdc/cdc_device.c.obj
                0x1000642c                tud_cdc_n_read
 .text.tud_cdc_n_write_flush
                0x1000645c       0xc4 CMakeFiles/snake_game.dir/C_/pico/pico-sdk/lib/tinyusb/src/class/cdc/cdc_device.c.obj
                0x1000645c                tud_cdc_n_write_flush
 .text.tud_cdc_n_write
                0x10006520       0x38 CMakeFiles/snake_game.dir/C_/pico/pico-sdk/lib/tinyusb/src/class/cdc/cdc_device.c.obj
                0x10006520                tud_cdc_n_write
 .text.tud_cdc_n_write_available
                0x10006558       0x20 CMakeFiles/snake_game.dir/C_/pico/pico-sdk/lib/tinyusb/src/class/cdc/cdc_device.c.obj
                0x10006558                tud_cdc_n_write_available
 .text.cdcd_init
                0x10006578       0xdc CMakeFiles/snake_game.dir/C_/pico/pico-sdk/lib/tinyusb/src/class/cdc/cdc_device.c.obj
                0x10006578                cdcd_init
 .text.cdcd_reset
                0x10006654       0x44 CMakeFiles/snake_game.dir/C_/pico/pico-sdk/lib/tinyusb/src/class/cdc/cdc_device.c.obj
                0x10006654                cdcd_reset
 .text.cdcd_open
                0x10006698      0x118 CMakeFiles/snake_game.dir/C_/pico/pico-sdk/lib/tinyusb/src/class/cdc/cdc_device.c.obj
                0x10006698                cdcd_open
 .text.cdcd_control_complete
                0x100067b0       0x60 CMakeFiles/snake_game.dir/C_/pico/pico-sdk/lib/tinyusb/src/class/cdc/cdc_device.c.obj
                0x100067b0                cdcd_control_complete
 .text.cdcd_control_request
                0x10006810       0x9c CMakeFiles/snake_game.dir/C_/pico/pico-sdk/lib/tinyusb/src/class/cdc/cdc_device.c.obj
                0x10006810                cdcd_control_request
 .text.cdcd_xfer_cb
                0x100068ac      0x130 CMakeFiles/snake_game.dir/C_/pico/pico-sdk/lib/tinyusb/src/class/cdc/cdc_device.c.obj
                0x100068ac                cdcd_xfer_cb
 .text.tusb_init
                0x100069dc       0x38 CMakeFiles/snake_game.dir/C_/pico/pico-sdk/lib/tinyusb/src/tusb.c.obj
                0x100069dc                tusb_init
 .text.tusb_inited
                0x10006a14        0xc CMakeFiles/snake_game.dir/C_/pico/pico-sdk/lib/tinyusb/src/tusb.c.obj
                0x10006a14                tusb_inited
 .text.advance_pointer
                0x10006a20       0x1e CMakeFiles/snake_game.dir/C_/pico/pico-sdk/lib/tinyusb/src/common/tusb_fifo.c.obj
 .text.backward_pointer
                0x10006a3e       0x1a CMakeFiles/snake_game.dir/C_/pico/pico-sdk/lib/tinyusb/src/common/tusb_fifo.c.obj
 .text.get_relative_pointer
                0x10006a58       0x16 CMakeFiles/snake_game.dir/C_/pico/pico-sdk/lib/tinyusb/src/common/tusb_fifo.c.obj
 .text.tu_fifo_lock
                0x10006a6e       0x12 CMakeFiles/snake_game.dir/C_/pico/pico-sdk/lib/tinyusb/src/common/tusb_fifo.c.obj
 .text.tu_fifo_unlock
                0x10006a80        0xe CMakeFiles/snake_game.dir/C_/pico/pico-sdk/lib/tinyusb/src/common/tusb_fifo.c.obj
 .text._tu_fifo_peek_at
                0x10006a8e       0x66 CMakeFiles/snake_game.dir/C_/pico/pico-sdk/lib/tinyusb/src/common/tusb_fifo.c.obj
 .text._ff_pull_n
                0x10006af4       0x4a CMakeFiles/snake_game.dir/C_/pico/pico-sdk/lib/tinyusb/src/common/tusb_fifo.c.obj
 .text._tu_fifo_peek_at_n
                0x10006b3e       0x72 CMakeFiles/snake_game.dir/C_/pico/pico-sdk/lib/tinyusb/src/common/tusb_fifo.c.obj
 .text._ff_push_n
                0x10006bb0       0x4a CMakeFiles/snake_game.dir/C_/pico/pico-sdk/lib/tinyusb/src/common/tusb_fifo.c.obj
 .text.tu_fifo_config
                0x10006bfa       0x48 CMakeFiles/snake_game.dir/C_/pico/pico-sdk/lib/tinyusb/src/common/tusb_fifo.c.obj
                0x10006bfa                tu_fifo_config
 .text.tu_fifo_count
                0x10006c42       0x1c CMakeFiles/snake_game.dir/C_/pico/pico-sdk/lib/tinyusb/src/common/tusb_fifo.c.obj
                0x10006c42                tu_fifo_count
 .text.tu_fifo_remaining
                0x10006c5e       0x20 CMakeFiles/snake_game.dir/C_/pico/pico-sdk/lib/tinyusb/src/common/tusb_fifo.c.obj
                0x10006c5e                tu_fifo_remaining
 .text.tu_fifo_read
                0x10006c7e       0x3a CMakeFiles/snake_game.dir/C_/pico/pico-sdk/lib/tinyusb/src/common/tusb_fifo.c.obj
                0x10006c7e                tu_fifo_read
 .text.tu_fifo_read_n
                0x10006cb8       0x3e CMakeFiles/snake_game.dir/C_/pico/pico-sdk/lib/tinyusb/src/common/tusb_fifo.c.obj
                0x10006cb8                tu_fifo_read_n
 .text.tu_fifo_write
                0x10006cf6       0x5c CMakeFiles/snake_game.dir/C_/pico/pico-sdk/lib/tinyusb/src/common/tusb_fifo.c.obj
                0x10006cf6                tu_fifo_write
 .text.tu_fifo_write_n
                0x10006d52       0x7c CMakeFiles/snake_game.dir/C_/pico/pico-sdk/lib/tinyusb/src/common/tusb_fifo.c.obj
                0x10006d52                tu_fifo_write_n
 .text.tu_fifo_clear
                0x10006dce       0x18 CMakeFiles/snake_game.dir/C_/pico/pico-sdk/lib/tinyusb/src/common/tusb_fifo.c.obj
                0x10006dce                tu_fifo_clear
 .text.i2c_write_blocking_internal
                0x10006de6       0xfa CMakeFiles/snake_game.dir/C_/pico/pico-sdk/src/rp2_common/hardware_i2c/i2c.c.obj
 .text.i2c_set_baudrate
                0x10006ee0       0x68 CMakeFiles/snake_game.dir/C_/pico/pico-sdk/src/rp2_common/hardware_i2c/i2c.c.obj
                0x10006ee0                i2c_set_baudrate
 .text.i2c_init
                0x10006f48       0x54 CMakeFiles/snake_game.dir/C_/pico/pico-sdk/src/rp2_common/hardware_i2c/i2c.c.obj
                0x10006f48                i2c_init
 .text.i2c_write_blocking
                0x10006f9c       0x18 CMakeFiles/snake_game.dir/C_/pico/pico-sdk/src/rp2_common/hardware_i2c/i2c.c.obj
                0x10006f9c                i2c_write_blocking
 .text._ZN12pico_ssd13067SSD13068setPixelEssNS_9WriteModeE
                0x10006fb4       0x9c pico-ssd1306\libpico_ssd1306.a(ssd1306.cpp.obj)
                0x10006fb4                pico_ssd1306::SSD1306::setPixel(short, short, pico_ssd1306::WriteMode)
 .text._ZN12pico_ssd13067SSD13065clearEv
                0x10007050        0xa pico-ssd1306\libpico_ssd1306.a(ssd1306.cpp.obj)
                0x10007050                pico_ssd1306::SSD1306::clear()
 .text._ZN12pico_ssd13067SSD13063cmdEh
                0x1000705a       0x1e pico-ssd1306\libpico_ssd1306.a(ssd1306.cpp.obj)
                0x1000705a                pico_ssd1306::SSD1306::cmd(unsigned char)
 .text._ZN12pico_ssd13067SSD130610sendBufferEv
                0x10007078       0x74 pico-ssd1306\libpico_ssd1306.a(ssd1306.cpp.obj)
                0x10007078                pico_ssd1306::SSD1306::sendBuffer()
 .text._ZN12pico_ssd13067SSD1306C2EP8i2c_insttNS_4SizeE
                0x100070ec       0x74 pico-ssd1306\libpico_ssd1306.a(ssd1306.cpp.obj)
                0x100070ec                pico_ssd1306::SSD1306::SSD1306(i2c_inst*, unsigned short, pico_ssd1306::Size)
                0x100070ec                pico_ssd1306::SSD1306::SSD1306(i2c_inst*, unsigned short, pico_ssd1306::Size)
 .text._ZN12pico_ssd13067SSD130614setOrientationEb
                0x10007160       0x28 pico-ssd1306\libpico_ssd1306.a(ssd1306.cpp.obj)
                0x10007160                pico_ssd1306::SSD1306::setOrientation(bool)
 .text._ZN11FrameBufferC2Ev
                0x10007188       0x12 pico-ssd1306\libpico_ssd1306.a(FrameBuffer.cpp.obj)
                0x10007188                FrameBuffer::FrameBuffer()
                0x10007188                FrameBuffer::FrameBuffer()
 .text._ZN11FrameBuffer6byteOREih
                0x1000719a       0x12 pico-ssd1306\libpico_ssd1306.a(FrameBuffer.cpp.obj)
                0x1000719a                FrameBuffer::byteOR(int, unsigned char)
 .text._ZN11FrameBuffer7byteANDEih
                0x100071ac       0x12 pico-ssd1306\libpico_ssd1306.a(FrameBuffer.cpp.obj)
                0x100071ac                FrameBuffer::byteAND(int, unsigned char)
 .text._ZN11FrameBuffer7byteXOREih
                0x100071be       0x12 pico-ssd1306\libpico_ssd1306.a(FrameBuffer.cpp.obj)
                0x100071be                FrameBuffer::byteXOR(int, unsigned char)
 .text._ZN11FrameBuffer5clearEv
                0x100071d0       0x10 pico-ssd1306\libpico_ssd1306.a(FrameBuffer.cpp.obj)
                0x100071d0                FrameBuffer::clear()
 .text._ZN11FrameBuffer3getEv
                0x100071e0        0x4 pico-ssd1306\libpico_ssd1306.a(FrameBuffer.cpp.obj)
                0x100071e0                FrameBuffer::get()
 .text._ZN12pico_ssd13068drawLineEPNS_7SSD1306EhhhhNS_9WriteModeE
                0x100071e4      0x144 pico-ssd1306\libpico_ssd1306.a(ShapeRenderer.cpp.obj)
                0x100071e4                pico_ssd1306::drawLine(pico_ssd1306::SSD1306*, unsigned char, unsigned char, unsigned char, unsigned char, pico_ssd1306::WriteMode)
 .text._ZN12pico_ssd13068drawRectEPNS_7SSD1306EhhhhNS_9WriteModeE
                0x10007328       0x6e pico-ssd1306\libpico_ssd1306.a(ShapeRenderer.cpp.obj)
                0x10007328                pico_ssd1306::drawRect(pico_ssd1306::SSD1306*, unsigned char, unsigned char, unsigned char, unsigned char, pico_ssd1306::WriteMode)
 .text._ZN12pico_ssd13068drawCharEPNS_7SSD1306EPKhchhNS_9WriteModeENS_8RotationE
                0x10007396       0xc8 pico-ssd1306\libpico_ssd1306.a(TextRenderer.cpp.obj)
                0x10007396                pico_ssd1306::drawChar(pico_ssd1306::SSD1306*, unsigned char const*, char, unsigned char, unsigned char, pico_ssd1306::WriteMode, pico_ssd1306::Rotation)
 .text._ZN12pico_ssd13068drawTextEPNS_7SSD1306EPKhPKchhNS_9WriteModeENS_8RotationE
                0x1000745e       0x82 pico-ssd1306\libpico_ssd1306.a(TextRenderer.cpp.obj)
                0x1000745e                pico_ssd1306::drawText(pico_ssd1306::SSD1306*, unsigned char const*, char const*, unsigned char, unsigned char, pico_ssd1306::WriteMode, pico_ssd1306::Rotation)
 .text.malloc   0x100074e0       0x14 c:/progra~2/gnuarm~1/102020~1/bin/../lib/gcc/arm-none-eabi/10.2.1/../../../../arm-none-eabi/lib/thumb/v6-m/nofp\libg.a(lib_a-malloc.o)
                0x100074e0                malloc
 .text.free     0x100074f4       0x14 c:/progra~2/gnuarm~1/102020~1/bin/../lib/gcc/arm-none-eabi/10.2.1/../../../../arm-none-eabi/lib/thumb/v6-m/nofp\libg.a(lib_a-malloc.o)
                0x100074f4                free
 .text._malloc_r
                0x10007508      0x580 c:/progra~2/gnuarm~1/102020~1/bin/../lib/gcc/arm-none-eabi/10.2.1/../../../../arm-none-eabi/lib/thumb/v6-m/nofp\libg.a(lib_a-mallocr.o)
                0x10007508                _malloc_r
 .text.__malloc_lock
                0x10007a88       0x10 c:/progra~2/gnuarm~1/102020~1/bin/../lib/gcc/arm-none-eabi/10.2.1/../../../../arm-none-eabi/lib/thumb/v6-m/nofp\libg.a(lib_a-mlock.o)
                0x10007a88                __malloc_lock
 .text.__malloc_unlock
                0x10007a98       0x10 c:/progra~2/gnuarm~1/102020~1/bin/../lib/gcc/arm-none-eabi/10.2.1/../../../../arm-none-eabi/lib/thumb/v6-m/nofp\libg.a(lib_a-mlock.o)
                0x10007a98                __malloc_unlock
 .text._sbrk_r  0x10007aa8       0x24 c:/progra~2/gnuarm~1/102020~1/bin/../lib/gcc/arm-none-eabi/10.2.1/../../../../arm-none-eabi/lib/thumb/v6-m/nofp\libg.a(lib_a-sbrkr.o)
                0x10007aa8                _sbrk_r
 .text.strcat   0x10007acc       0x4c c:/progra~2/gnuarm~1/102020~1/bin/../lib/gcc/arm-none-eabi/10.2.1/../../../../arm-none-eabi/lib/thumb/v6-m/nofp\libg.a(lib_a-strcat.o)
                0x10007acc                strcat
 .text.strcpy   0x10007b18       0x10 c:/progra~2/gnuarm~1/102020~1/bin/../lib/gcc/arm-none-eabi/10.2.1/../../../../arm-none-eabi/lib/thumb/v6-m/nofp\libg.a(lib_a-strcpy.o)
                0x10007b18                strcpy
 .text.strlen   0x10007b28       0x5c c:/progra~2/gnuarm~1/102020~1/bin/../lib/gcc/arm-none-eabi/10.2.1/../../../../arm-none-eabi/lib/thumb/v6-m/nofp\libg.a(lib_a-strlen-stub.o)
                0x10007b28                strlen
 .text._malloc_trim_r
                0x10007b84       0x9c c:/progra~2/gnuarm~1/102020~1/bin/../lib/gcc/arm-none-eabi/10.2.1/../../../../arm-none-eabi/lib/thumb/v6-m/nofp\libg.a(lib_a-freer.o)
                0x10007b84                _malloc_trim_r
 .text._free_r  0x10007c20      0x1c4 c:/progra~2/gnuarm~1/102020~1/bin/../lib/gcc/arm-none-eabi/10.2.1/../../../../arm-none-eabi/lib/thumb/v6-m/nofp\libg.a(lib_a-freer.o)
                0x10007c20                _free_r
 .text.__retarget_lock_acquire_recursive
                0x10007de4        0x4 c:/progra~2/gnuarm~1/102020~1/bin/../lib/gcc/arm-none-eabi/10.2.1/../../../../arm-none-eabi/lib/thumb/v6-m/nofp\libg.a(lib_a-lock.o)
                0x10007de4                __retarget_lock_acquire_recursive
 .text.__retarget_lock_release_recursive
                0x10007de8        0x4 c:/progra~2/gnuarm~1/102020~1/bin/../lib/gcc/arm-none-eabi/10.2.1/../../../../arm-none-eabi/lib/thumb/v6-m/nofp\libg.a(lib_a-lock.o)
                0x10007de8                __retarget_lock_release_recursive
 *(.fini)
 .fini          0x10007dec        0x4 c:/progra~2/gnuarm~1/102020~1/bin/../lib/gcc/arm-none-eabi/10.2.1/thumb/v6-m/nofp/crti.o
                0x10007dec                _fini
 .fini.__stub   0x10007df0       0x60 linker stubs
 *crtbegin.o(.ctors)
 *crtbegin?.o(.ctors)
 *(EXCLUDE_FILE(*crtend.o *crtend?.o) .ctors)
 *(SORT_BY_NAME(.ctors.*))
 *(.ctors)
 *crtbegin.o(.dtors)
 *crtbegin?.o(.dtors)
 *(EXCLUDE_FILE(*crtend.o *crtend?.o) .dtors)
 *(SORT_BY_NAME(.dtors.*))
 *(.dtors)
 *(.eh_frame*)
 .eh_frame      0x10007e50        0x0 c:/progra~2/gnuarm~1/102020~1/bin/../lib/gcc/arm-none-eabi/10.2.1/thumb/v6-m/nofp/crtbegin.o
                0x10007e50                . = ALIGN (0x4)

.glue_7         0x10007e50        0x0
 .glue_7        0x10007e50        0x0 linker stubs

.glue_7t        0x10007e50        0x0
 .glue_7t       0x10007e50        0x0 linker stubs

.vfp11_veneer   0x10007e50        0x0
 .vfp11_veneer  0x10007e50        0x0 linker stubs

.v4_bx          0x10007e50        0x0
 .v4_bx         0x10007e50        0x0 linker stubs

.iplt           0x10007e50        0x0
 .iplt          0x10007e50        0x0 c:/progra~2/gnuarm~1/102020~1/bin/../lib/gcc/arm-none-eabi/10.2.1/thumb/v6-m/nofp/crtbegin.o

.rodata         0x10007e50     0x1eec
 *(EXCLUDE_FILE(*libm.a: *libc.a:*lib_a-mem*.o *libgcc.a:) .rodata*)
 .rodata.main.str1.4
                0x10007e50       0x21 CMakeFiles/snake_game.dir/src/main.cpp.obj
 *fill*         0x10007e71        0x3 
 .rodata._ZL10font_12x16
                0x10007e74      0x8ea CMakeFiles/snake_game.dir/src/main.cpp.obj
 *fill*         0x1000875e        0x2 
 .rodata._ZL8font_5x8
                0x10008760      0x1dd CMakeFiles/snake_game.dir/src/main.cpp.obj
 *fill*         0x1000893d        0x3 
 .rodata.spin_lock_claim_unused.str1.4
                0x10008940       0x1b CMakeFiles/snake_game.dir/C_/pico/pico-sdk/src/rp2_common/hardware_sync/sync.c.obj
 *fill*         0x1000895b        0x1 
 .rodata.repeating_timer_callback.str1.4
                0x1000895c       0x41 CMakeFiles/snake_game.dir/C_/pico/pico-sdk/src/common/pico_time/time.c.obj
 *fill*         0x1000899d        0x3 
 .rodata.alarm_pool_dump_key.str1.4
                0x100089a0       0x33 CMakeFiles/snake_game.dir/C_/pico/pico-sdk/src/common/pico_time/time.c.obj
 *fill*         0x100089d3        0x1 
 .rodata.ph_add_child_node.str1.4
                0x100089d4       0x8a CMakeFiles/snake_game.dir/C_/pico/pico-sdk/src/common/pico_time/time.c.obj
 *fill*         0x10008a5e        0x2 
 .rodata.add_alarm_under_lock.str1.4
                0x10008a60       0x28 CMakeFiles/snake_game.dir/C_/pico/pico-sdk/src/common/pico_time/time.c.obj
                                 0x2b (size before relaxing)
 .rodata.alarm_pool_alarm_callback.str1.4
                0x10008a88       0xda CMakeFiles/snake_game.dir/C_/pico/pico-sdk/src/common/pico_time/time.c.obj
 *fill*         0x10008b62        0x2 
 .rodata.alarm_pool_get_default.str1.4
                0x10008b64       0x21 CMakeFiles/snake_game.dir/C_/pico/pico-sdk/src/common/pico_time/time.c.obj
 *fill*         0x10008b85        0x3 
 .rodata.alarm_pool_cancel_alarm.str1.4
                0x10008b88       0x27 CMakeFiles/snake_game.dir/C_/pico/pico-sdk/src/common/pico_time/time.c.obj
 *fill*         0x10008baf        0x1 
 .rodata.sleep_until.str1.4
                0x10008bb0       0x4d CMakeFiles/snake_game.dir/C_/pico/pico-sdk/src/common/pico_time/time.c.obj
 *fill*         0x10008bfd        0x3 
 .rodata.__func__.1
                0x10008c00       0x18 CMakeFiles/snake_game.dir/C_/pico/pico-sdk/src/common/pico_time/time.c.obj
 .rodata.__func__.10
                0x10008c18       0x15 CMakeFiles/snake_game.dir/C_/pico/pico-sdk/src/common/pico_time/time.c.obj
 *fill*         0x10008c2d        0x3 
 .rodata.__func__.11
                0x10008c30       0x1a CMakeFiles/snake_game.dir/C_/pico/pico-sdk/src/common/pico_time/time.c.obj
 *fill*         0x10008c4a        0x2 
 .rodata.__func__.12
                0x10008c4c        0xa CMakeFiles/snake_game.dir/C_/pico/pico-sdk/src/common/pico_time/time.c.obj
 *fill*         0x10008c56        0x2 
 .rodata.__func__.3
                0x10008c58       0x17 CMakeFiles/snake_game.dir/C_/pico/pico-sdk/src/common/pico_time/time.c.obj
 *fill*         0x10008c6f        0x1 
 .rodata.__func__.4
                0x10008c70       0x12 CMakeFiles/snake_game.dir/C_/pico/pico-sdk/src/common/pico_time/time.c.obj
 *fill*         0x10008c82        0x2 
 .rodata.__func__.5
                0x10008c84        0xd CMakeFiles/snake_game.dir/C_/pico/pico-sdk/src/common/pico_time/time.c.obj
 *fill*         0x10008c91        0x3 
 .rodata.__func__.6
                0x10008c94       0x12 CMakeFiles/snake_game.dir/C_/pico/pico-sdk/src/common/pico_time/time.c.obj
 *fill*         0x10008ca6        0x2 
 .rodata.__func__.7
                0x10008ca8        0xf CMakeFiles/snake_game.dir/C_/pico/pico-sdk/src/common/pico_time/time.c.obj
 *fill*         0x10008cb7        0x1 
 .rodata.__func__.8
                0x10008cb8        0xc CMakeFiles/snake_game.dir/C_/pico/pico-sdk/src/common/pico_time/time.c.obj
 .rodata.__func__.9
                0x10008cc4       0x15 CMakeFiles/snake_game.dir/C_/pico/pico-sdk/src/common/pico_time/time.c.obj
 *fill*         0x10008cd9        0x3 
 .rodata.hardware_alarm_claim.str1.4
                0x10008cdc       0x22 CMakeFiles/snake_game.dir/C_/pico/pico-sdk/src/rp2_common/hardware_timer/timer.c.obj
 *fill*         0x10008cfe        0x2 
 .rodata.hardware_alarm_set_target.str1.4
                0x10008d00       0x5b CMakeFiles/snake_game.dir/C_/pico/pico-sdk/src/rp2_common/hardware_timer/timer.c.obj
 *fill*         0x10008d5b        0x1 
 .rodata.__func__.0
                0x10008d5c       0x1a CMakeFiles/snake_game.dir/C_/pico/pico-sdk/src/rp2_common/hardware_timer/timer.c.obj
 *fill*         0x10008d76        0x2 
 .rodata.str1.4
                0x10008d78       0x54 CMakeFiles/snake_game.dir/C_/pico/pico-sdk/src/common/pico_sync/mutex.c.obj
                                 0xac (size before relaxing)
 .rodata.__func__.0
                0x10008dcc        0xb CMakeFiles/snake_game.dir/C_/pico/pico-sdk/src/common/pico_sync/mutex.c.obj
 *fill*         0x10008dd7        0x1 
 .rodata.__func__.1
                0x10008dd8       0x18 CMakeFiles/snake_game.dir/C_/pico/pico-sdk/src/common/pico_sync/mutex.c.obj
 .rodata.__func__.2
                0x10008df0       0x15 CMakeFiles/snake_game.dir/C_/pico/pico-sdk/src/common/pico_sync/mutex.c.obj
 *fill*         0x10008e05        0x3 
 .rodata.__func__.3
                0x10008e08       0x15 CMakeFiles/snake_game.dir/C_/pico/pico-sdk/src/common/pico_sync/mutex.c.obj
 .rodata.ph_add_child_node.str1.4
                0x10008e1d       0x8a CMakeFiles/snake_game.dir/C_/pico/pico-sdk/src/common/pico_util/pheap.c.obj
 *fill*         0x10008e1d        0x3 
 .rodata.ph_remove_any_head.str1.4
                0x10008e20       0x84 CMakeFiles/snake_game.dir/C_/pico/pico-sdk/src/common/pico_util/pheap.c.obj
 .rodata.ph_remove_and_free_node.str1.4
                0x10008ea4       0x26 CMakeFiles/snake_game.dir/C_/pico/pico-sdk/src/common/pico_util/pheap.c.obj
 *fill*         0x10008eca        0x2 
 .rodata.__func__.0
                0x10008ecc       0x18 CMakeFiles/snake_game.dir/C_/pico/pico-sdk/src/common/pico_util/pheap.c.obj
 .rodata.__func__.1
                0x10008ee4       0x13 CMakeFiles/snake_game.dir/C_/pico/pico-sdk/src/common/pico_util/pheap.c.obj
 *fill*         0x10008ef7        0x1 
 .rodata.__func__.2
                0x10008ef8       0x12 CMakeFiles/snake_game.dir/C_/pico/pico-sdk/src/common/pico_util/pheap.c.obj
 *fill*         0x10008f0a        0x2 
 .rodata.__func__.3
                0x10008f0c        0xc CMakeFiles/snake_game.dir/C_/pico/pico-sdk/src/common/pico_util/pheap.c.obj
 .rodata.__assert_func.str1.4
                0x10008f18       0x3f CMakeFiles/snake_game.dir/C_/pico/pico-sdk/src/rp2_common/pico_runtime/runtime.c.obj
                                 0x43 (size before relaxing)
 *fill*         0x10008f57        0x1 
 .rodata.panic.str1.4
                0x10008f58       0x12 CMakeFiles/snake_game.dir/C_/pico/pico-sdk/src/rp2_common/pico_runtime/runtime.c.obj
 *fill*         0x10008f6a        0x2 
 .rodata.clock_configure.str1.4
                0x10008f6c       0x4d CMakeFiles/snake_game.dir/C_/pico/pico-sdk/src/rp2_common/hardware_clocks/clocks.c.obj
 *fill*         0x10008fb9        0x3 
 .rodata.__func__.1
                0x10008fbc       0x10 CMakeFiles/snake_game.dir/C_/pico/pico-sdk/src/rp2_common/hardware_clocks/clocks.c.obj
 .rodata.pll_init.str1.4
                0x10008fcc       0xcf CMakeFiles/snake_game.dir/C_/pico/pico-sdk/src/rp2_common/hardware_pll/pll.c.obj
 *fill*         0x1000909b        0x1 
 .rodata.__func__.0
                0x1000909c        0x9 CMakeFiles/snake_game.dir/C_/pico/pico-sdk/src/rp2_common/hardware_pll/pll.c.obj
 *fill*         0x100090a5        0x3 
 .rodata.make_branch.str1.4
                0x100090a8       0x43 CMakeFiles/snake_game.dir/C_/pico/pico-sdk/src/rp2_common/hardware_irq/irq.c.obj
 *fill*         0x100090eb        0x1 
 .rodata.irq_set_exclusive_handler.str1.4
                0x100090ec       0x36 CMakeFiles/snake_game.dir/C_/pico/pico-sdk/src/rp2_common/hardware_irq/irq.c.obj
 *fill*         0x10009122        0x2 
 .rodata.irq_add_shared_handler.str1.4
                0x10009124       0xd9 CMakeFiles/snake_game.dir/C_/pico/pico-sdk/src/rp2_common/hardware_irq/irq.c.obj
 *fill*         0x100091fd        0x3 
 .rodata.irq_remove_handler.str1.4
                0x10009200       0x2a CMakeFiles/snake_game.dir/C_/pico/pico-sdk/src/rp2_common/hardware_irq/irq.c.obj
 *fill*         0x1000922a        0x2 
 .rodata.irq_add_tail_to_free_list.str1.4
                0x1000922c       0x32 CMakeFiles/snake_game.dir/C_/pico/pico-sdk/src/rp2_common/hardware_irq/irq.c.obj
                                 0x3a (size before relaxing)
 *fill*         0x1000925e        0x2 
 .rodata.__func__.0
                0x10009260       0x1a CMakeFiles/snake_game.dir/C_/pico/pico-sdk/src/rp2_common/hardware_irq/irq.c.obj
 *fill*         0x1000927a        0x2 
 .rodata.__func__.1
                0x1000927c       0x17 CMakeFiles/snake_game.dir/C_/pico/pico-sdk/src/rp2_common/hardware_irq/irq.c.obj
 *fill*         0x10009293        0x1 
 .rodata.__func__.2
                0x10009294       0x13 CMakeFiles/snake_game.dir/C_/pico/pico-sdk/src/rp2_common/hardware_irq/irq.c.obj
 *fill*         0x100092a7        0x1 
 .rodata.__func__.3
                0x100092a8        0xc CMakeFiles/snake_game.dir/C_/pico/pico-sdk/src/rp2_common/hardware_irq/irq.c.obj
 .rodata.__func__.4
                0x100092b4        0xf CMakeFiles/snake_game.dir/C_/pico/pico-sdk/src/rp2_common/hardware_irq/irq.c.obj
 *fill*         0x100092c3        0x1 
 .rodata.__func__.6
                0x100092c4       0x1a CMakeFiles/snake_game.dir/C_/pico/pico-sdk/src/rp2_common/hardware_irq/irq.c.obj
 *fill*         0x100092de        0x2 
 .rodata._ftoa.str1.4
                0x100092e0       0x15 CMakeFiles/snake_game.dir/C_/pico/pico-sdk/src/rp2_common/pico_printf/printf.c.obj
 *fill*         0x100092f5        0x3 
 .rodata._vsnprintf
                0x100092f8      0x1e0 CMakeFiles/snake_game.dir/C_/pico/pico-sdk/src/rp2_common/pico_printf/printf.c.obj
 .rodata.pow10.0
                0x100094d8       0x50 CMakeFiles/snake_game.dir/C_/pico/pico-sdk/src/rp2_common/pico_printf/printf.c.obj
 .rodata.__aeabi_double_init.str1.4
                0x10009528       0x9e CMakeFiles/snake_game.dir/C_/pico/pico-sdk/src/rp2_common/pico_double/double_init_rom.c.obj
 *fill*         0x100095c6        0x2 
 .rodata.__func__.0
                0x100095c8       0x14 CMakeFiles/snake_game.dir/C_/pico/pico-sdk/src/rp2_common/pico_double/double_init_rom.c.obj
 .rodata.__aeabi_float_init.str1.4
                0x100095dc       0x70 CMakeFiles/snake_game.dir/C_/pico/pico-sdk/src/rp2_common/pico_float/float_init_rom.c.obj
                                 0x74 (size before relaxing)
 .rodata.__func__.0
                0x1000964c       0x13 CMakeFiles/snake_game.dir/C_/pico/pico-sdk/src/rp2_common/pico_float/float_init_rom.c.obj
 *fill*         0x1000965f        0x1 
 .rodata.__wrap_malloc.str1.4
                0x10009660        0xe CMakeFiles/snake_game.dir/C_/pico/pico-sdk/src/rp2_common/pico_malloc/pico_malloc.c.obj
 *fill*         0x1000966e        0x2 
 .rodata.str1.4
                0x10009670       0x40 CMakeFiles/snake_game.dir/C_/pico/pico-sdk/src/rp2_common/pico_standard_link/binary_info.c.obj
 .rodata.__bi_44
                0x100096b0        0xc CMakeFiles/snake_game.dir/C_/pico/pico-sdk/src/rp2_common/pico_standard_link/binary_info.c.obj
 .rodata.__bi_75
                0x100096bc        0xc CMakeFiles/snake_game.dir/C_/pico/pico-sdk/src/rp2_common/pico_standard_link/binary_info.c.obj
 .rodata.__bi_81
                0x100096c8        0xc CMakeFiles/snake_game.dir/C_/pico/pico-sdk/src/rp2_common/pico_standard_link/binary_info.c.obj
 .rodata.crlf_str.2
                0x100096d4        0x2 CMakeFiles/snake_game.dir/C_/pico/pico-sdk/src/rp2_common/pico_stdio/stdio.c.obj
 *fill*         0x100096d6        0x2 
 .rodata._resetd_driver
                0x100096d8       0x1c CMakeFiles/snake_game.dir/C_/pico/pico-sdk/src/rp2_common/pico_stdio_usb/reset_interface.c.obj
 .rodata.stdio_usb_init.str1.4
                0x100096f4       0x57 CMakeFiles/snake_game.dir/C_/pico/pico-sdk/src/rp2_common/pico_stdio_usb/stdio_usb.c.obj
 .rodata.str1.4
                0x100096f4       0x13 CMakeFiles/snake_game.dir/C_/pico/pico-sdk/src/rp2_common/pico_stdio_usb/stdio_usb.c.obj
 *fill*         0x10009707        0x1 
 .rodata.__bi_93.1
                0x10009708        0xc CMakeFiles/snake_game.dir/C_/pico/pico-sdk/src/rp2_common/pico_stdio_usb/stdio_usb.c.obj
 .rodata.__func__.0
                0x10009714       0x15 CMakeFiles/snake_game.dir/C_/pico/pico-sdk/src/rp2_common/pico_stdio_usb/stdio_usb.c.obj
 *fill*         0x10009729        0x3 
 .rodata.str1.4
                0x1000972c       0x3a CMakeFiles/snake_game.dir/C_/pico/pico-sdk/src/rp2_common/pico_stdio_usb/stdio_usb_descriptors.c.obj
 *fill*         0x10009766        0x2 
 .rodata.usbd_desc_cfg
                0x10009768       0x54 CMakeFiles/snake_game.dir/C_/pico/pico-sdk/src/rp2_common/pico_stdio_usb/stdio_usb_descriptors.c.obj
 .rodata.usbd_desc_device
                0x100097bc       0x12 CMakeFiles/snake_game.dir/C_/pico/pico-sdk/src/rp2_common/pico_stdio_usb/stdio_usb_descriptors.c.obj
 *fill*         0x100097ce        0x2 
 .rodata.usbd_desc_str
                0x100097d0       0x18 CMakeFiles/snake_game.dir/C_/pico/pico-sdk/src/rp2_common/pico_stdio_usb/stdio_usb_descriptors.c.obj
 .rodata._hw_endpoint_alloc.str1.4
                0x100097e8       0xad CMakeFiles/snake_game.dir/C_/pico/pico-sdk/lib/tinyusb/src/portable/raspberrypi/rp2040/dcd_rp2040.c.obj
 *fill*         0x10009895        0x3 
 .rodata._hw_endpoint_init.str1.4
                0x10009898       0x28 CMakeFiles/snake_game.dir/C_/pico/pico-sdk/lib/tinyusb/src/portable/raspberrypi/rp2040/dcd_rp2040.c.obj
 .rodata.hw_handle_buff_status.str1.4
                0x100098c0        0xb CMakeFiles/snake_game.dir/C_/pico/pico-sdk/lib/tinyusb/src/portable/raspberrypi/rp2040/dcd_rp2040.c.obj
 *fill*         0x100098cb        0x1 
 .rodata.dcd_rp2040_irq.str1.4
                0x100098cc       0x14 CMakeFiles/snake_game.dir/C_/pico/pico-sdk/lib/tinyusb/src/portable/raspberrypi/rp2040/dcd_rp2040.c.obj
 .rodata._hw_endpoint_stall.str1.4
                0x100098e0        0xd CMakeFiles/snake_game.dir/C_/pico/pico-sdk/lib/tinyusb/src/portable/raspberrypi/rp2040/dcd_rp2040.c.obj
 *fill*         0x100098ed        0x3 
 .rodata.dcd_int_enable.str1.4
                0x100098f0        0xc CMakeFiles/snake_game.dir/C_/pico/pico-sdk/lib/tinyusb/src/portable/raspberrypi/rp2040/dcd_rp2040.c.obj
 .rodata.__func__.0
                0x100098fc       0x15 CMakeFiles/snake_game.dir/C_/pico/pico-sdk/lib/tinyusb/src/portable/raspberrypi/rp2040/dcd_rp2040.c.obj
 *fill*         0x10009911        0x3 
 .rodata.__func__.1
                0x10009914       0x13 CMakeFiles/snake_game.dir/C_/pico/pico-sdk/lib/tinyusb/src/portable/raspberrypi/rp2040/dcd_rp2040.c.obj
 *fill*         0x10009927        0x1 
 .rodata.__func__.10
                0x10009928        0xf CMakeFiles/snake_game.dir/C_/pico/pico-sdk/lib/tinyusb/src/portable/raspberrypi/rp2040/dcd_rp2040.c.obj
 *fill*         0x10009937        0x1 
 .rodata.__func__.11
                0x10009938       0x13 CMakeFiles/snake_game.dir/C_/pico/pico-sdk/lib/tinyusb/src/portable/raspberrypi/rp2040/dcd_rp2040.c.obj
 *fill*         0x1000994b        0x1 
 .rodata.__func__.12
                0x1000994c       0x16 CMakeFiles/snake_game.dir/C_/pico/pico-sdk/lib/tinyusb/src/portable/raspberrypi/rp2040/dcd_rp2040.c.obj
 *fill*         0x10009962        0x2 
 .rodata.__func__.13
                0x10009964        0x9 CMakeFiles/snake_game.dir/C_/pico/pico-sdk/lib/tinyusb/src/portable/raspberrypi/rp2040/dcd_rp2040.c.obj
 *fill*         0x1000996d        0x3 
 .rodata.__func__.2
                0x10009970        0xf CMakeFiles/snake_game.dir/C_/pico/pico-sdk/lib/tinyusb/src/portable/raspberrypi/rp2040/dcd_rp2040.c.obj
 *fill*         0x1000997f        0x1 
 .rodata.__func__.3
                0x10009980        0xe CMakeFiles/snake_game.dir/C_/pico/pico-sdk/lib/tinyusb/src/portable/raspberrypi/rp2040/dcd_rp2040.c.obj
 *fill*         0x1000998e        0x2 
 .rodata.__func__.4
                0x10009990        0xe CMakeFiles/snake_game.dir/C_/pico/pico-sdk/lib/tinyusb/src/portable/raspberrypi/rp2040/dcd_rp2040.c.obj
 *fill*         0x1000999e        0x2 
 .rodata.__func__.5
                0x100099a0       0x1a CMakeFiles/snake_game.dir/C_/pico/pico-sdk/lib/tinyusb/src/portable/raspberrypi/rp2040/dcd_rp2040.c.obj
 *fill*         0x100099ba        0x2 
 .rodata.__func__.6
                0x100099bc        0xc CMakeFiles/snake_game.dir/C_/pico/pico-sdk/lib/tinyusb/src/portable/raspberrypi/rp2040/dcd_rp2040.c.obj
 .rodata.__func__.8
                0x100099c8       0x10 CMakeFiles/snake_game.dir/C_/pico/pico-sdk/lib/tinyusb/src/portable/raspberrypi/rp2040/dcd_rp2040.c.obj
 .rodata._hw_endpoint_buffer_control_update32.str1.4
                0x100099d8       0x1f CMakeFiles/snake_game.dir/C_/pico/pico-sdk/lib/tinyusb/src/portable/raspberrypi/rp2040/rp2040_usb.c.obj
 *fill*         0x100099f7        0x1 
 .rodata._hw_endpoint_xfer_sync.str1.4
                0x100099f8       0x89 CMakeFiles/snake_game.dir/C_/pico/pico-sdk/lib/tinyusb/src/portable/raspberrypi/rp2040/rp2040_usb.c.obj
 *fill*         0x10009a81        0x3 
 .rodata._hw_endpoint_xfer_continue.str1.4
                0x10009a84       0x50 CMakeFiles/snake_game.dir/C_/pico/pico-sdk/lib/tinyusb/src/portable/raspberrypi/rp2040/rp2040_usb.c.obj
 .rodata._hw_endpoint_xfer.str1.4
                0x10009ad4        0xf CMakeFiles/snake_game.dir/C_/pico/pico-sdk/lib/tinyusb/src/portable/raspberrypi/rp2040/rp2040_usb.c.obj
 *fill*         0x10009ae3        0x1 
 .rodata.str1.4
                0x10009ae4        0x7 CMakeFiles/snake_game.dir/C_/pico/pico-sdk/lib/tinyusb/src/portable/raspberrypi/rp2040/rp2040_usb.c.obj
 *fill*         0x10009aeb        0x1 
 .rodata.__func__.0
                0x10009aec       0x12 CMakeFiles/snake_game.dir/C_/pico/pico-sdk/lib/tinyusb/src/portable/raspberrypi/rp2040/rp2040_usb.c.obj
 *fill*         0x10009afe        0x2 
 .rodata.__func__.1
                0x10009b00       0x17 CMakeFiles/snake_game.dir/C_/pico/pico-sdk/lib/tinyusb/src/portable/raspberrypi/rp2040/rp2040_usb.c.obj
 *fill*         0x10009b17        0x1 
 .rodata.process_set_config.str1.4
                0x10009b18       0x17 CMakeFiles/snake_game.dir/C_/pico/pico-sdk/lib/tinyusb/src/device/usbd.c.obj
 *fill*         0x10009b2f        0x1 
 .rodata.process_get_descriptor
                0x10009b30       0x40 CMakeFiles/snake_game.dir/C_/pico/pico-sdk/lib/tinyusb/src/device/usbd.c.obj
 .rodata.dcd_event_handler.str1.4
                0x10009b70       0x42 CMakeFiles/snake_game.dir/C_/pico/pico-sdk/lib/tinyusb/src/device/usbd.c.obj
 *fill*         0x10009bb2        0x2 
 .rodata.process_control_request
                0x10009bb4       0x28 CMakeFiles/snake_game.dir/C_/pico/pico-sdk/lib/tinyusb/src/device/usbd.c.obj
 .rodata.tud_task
                0x10009bdc       0x24 CMakeFiles/snake_game.dir/C_/pico/pico-sdk/lib/tinyusb/src/device/usbd.c.obj
 .rodata.__func__.1
                0x10009c00        0xf CMakeFiles/snake_game.dir/C_/pico/pico-sdk/lib/tinyusb/src/device/usbd.c.obj
 *fill*         0x10009c0f        0x1 
 .rodata.__func__.2
                0x10009c10       0x14 CMakeFiles/snake_game.dir/C_/pico/pico-sdk/lib/tinyusb/src/device/usbd.c.obj
 .rodata.__func__.3
                0x10009c24       0x10 CMakeFiles/snake_game.dir/C_/pico/pico-sdk/lib/tinyusb/src/device/usbd.c.obj
 .rodata.__func__.4
                0x10009c34       0x17 CMakeFiles/snake_game.dir/C_/pico/pico-sdk/lib/tinyusb/src/device/usbd.c.obj
 *fill*         0x10009c4b        0x1 
 .rodata.__func__.5
                0x10009c4c       0x13 CMakeFiles/snake_game.dir/C_/pico/pico-sdk/lib/tinyusb/src/device/usbd.c.obj
 *fill*         0x10009c5f        0x1 
 .rodata.__func__.6
                0x10009c60       0x18 CMakeFiles/snake_game.dir/C_/pico/pico-sdk/lib/tinyusb/src/device/usbd.c.obj
 .rodata.__func__.7
                0x10009c78       0x13 CMakeFiles/snake_game.dir/C_/pico/pico-sdk/lib/tinyusb/src/device/usbd.c.obj
 *fill*         0x10009c8b        0x1 
 .rodata.__func__.8
                0x10009c8c        0x9 CMakeFiles/snake_game.dir/C_/pico/pico-sdk/lib/tinyusb/src/device/usbd.c.obj
 *fill*         0x10009c95        0x3 
 .rodata._usbd_driver
                0x10009c98       0x1c CMakeFiles/snake_game.dir/C_/pico/pico-sdk/lib/tinyusb/src/device/usbd.c.obj
 .rodata.tud_control_xfer.str1.4
                0x10009cb4       0x17 CMakeFiles/snake_game.dir/C_/pico/pico-sdk/lib/tinyusb/src/device/usbd_control.c.obj
 .rodata.__func__.0
                0x10009cb4       0x15 CMakeFiles/snake_game.dir/C_/pico/pico-sdk/lib/tinyusb/src/device/usbd_control.c.obj
 *fill*         0x10009cc9        0x3 
 .rodata.__func__.1
                0x10009ccc       0x11 CMakeFiles/snake_game.dir/C_/pico/pico-sdk/lib/tinyusb/src/device/usbd_control.c.obj
 .rodata.tud_cdc_n_write_flush.str1.4
                0x10009cdd       0x17 CMakeFiles/snake_game.dir/C_/pico/pico-sdk/lib/tinyusb/src/class/cdc/cdc_device.c.obj
 *fill*         0x10009cdd        0x3 
 .rodata.__func__.0
                0x10009ce0        0xd CMakeFiles/snake_game.dir/C_/pico/pico-sdk/lib/tinyusb/src/class/cdc/cdc_device.c.obj
 *fill*         0x10009ced        0x3 
 .rodata.__func__.1
                0x10009cf0        0xa CMakeFiles/snake_game.dir/C_/pico/pico-sdk/lib/tinyusb/src/class/cdc/cdc_device.c.obj
 *fill*         0x10009cfa        0x2 
 .rodata.__func__.2
                0x10009cfc       0x16 CMakeFiles/snake_game.dir/C_/pico/pico-sdk/lib/tinyusb/src/class/cdc/cdc_device.c.obj
 .rodata.tusb_init.str1.4
                0x10009d12       0x17 CMakeFiles/snake_game.dir/C_/pico/pico-sdk/lib/tinyusb/src/tusb.c.obj
 *fill*         0x10009d12        0x2 
 .rodata.__func__.0
                0x10009d14        0xa CMakeFiles/snake_game.dir/C_/pico/pico-sdk/lib/tinyusb/src/tusb.c.obj
 *fill*         0x10009d1e        0x2 
 .rodata        0x10009d20       0x19 pico-ssd1306\libpico_ssd1306.a(ssd1306.cpp.obj)
                0x10009d3c                . = ALIGN (0x4)
 *fill*         0x10009d39        0x3 
 *(SORT_BY_ALIGNMENT(SORT_BY_NAME(.flashdata*)))
                0x10009d3c                . = ALIGN (0x4)

.rel.dyn        0x10009d3c        0x0
 .rel.iplt      0x10009d3c        0x0 c:/progra~2/gnuarm~1/102020~1/bin/../lib/gcc/arm-none-eabi/10.2.1/thumb/v6-m/nofp/crtbegin.o

.ARM.extab
 *(.ARM.extab* .gnu.linkonce.armextab.*)
                0x10009d3c                __exidx_start = .

.ARM.exidx
 *(.ARM.exidx* .gnu.linkonce.armexidx.*)
                0x10009d3c                __exidx_end = .
                0x10009d3c                . = ALIGN (0x4)
                0x10009d3c                __binary_info_start = .

.binary_info    0x10009d3c       0x20
 *(.binary_info.keep.*)
 .binary_info.keep.__bi_ptr22
                0x10009d3c        0x4 CMakeFiles/snake_game.dir/C_/pico/pico-sdk/src/rp2_common/pico_standard_link/binary_info.c.obj
 .binary_info.keep.__bi_ptr30
                0x10009d40        0x4 CMakeFiles/snake_game.dir/C_/pico/pico-sdk/src/rp2_common/pico_standard_link/binary_info.c.obj
 .binary_info.keep.__bi_ptr38
                0x10009d44        0x4 CMakeFiles/snake_game.dir/C_/pico/pico-sdk/src/rp2_common/pico_standard_link/binary_info.c.obj
 .binary_info.keep.__bi_ptr44
                0x10009d48        0x4 CMakeFiles/snake_game.dir/C_/pico/pico-sdk/src/rp2_common/pico_standard_link/binary_info.c.obj
 .binary_info.keep.__bi_ptr50
                0x10009d4c        0x4 CMakeFiles/snake_game.dir/C_/pico/pico-sdk/src/rp2_common/pico_standard_link/binary_info.c.obj
 .binary_info.keep.__bi_ptr75
                0x10009d50        0x4 CMakeFiles/snake_game.dir/C_/pico/pico-sdk/src/rp2_common/pico_standard_link/binary_info.c.obj
 .binary_info.keep.__bi_ptr81
                0x10009d54        0x4 CMakeFiles/snake_game.dir/C_/pico/pico-sdk/src/rp2_common/pico_standard_link/binary_info.c.obj
 *(.binary_info.*)
 .binary_info.__bi_ptr93
                0x10009d58        0x4 CMakeFiles/snake_game.dir/C_/pico/pico-sdk/src/rp2_common/pico_stdio_usb/stdio_usb.c.obj
                0x10009d5c                __binary_info_end = .
                0x10009d5c                . = ALIGN (0x4)
                0x10009d5c                __etext = .

.ram_vector_table
                0x20000000       0xc0
 *(.ram_vector_table)
 .ram_vector_table
                0x20000000       0xc0 CMakeFiles/snake_game.dir/C_/pico/pico-sdk/src/rp2_common/pico_runtime/runtime.c.obj
                0x20000000                ram_vector_table

.data           0x200000c0      0xb74 load address 0x10009d5c
                0x200000c0                __data_start__ = .
 *(vtable)
 *(.time_critical*)
 .time_critical.mutex_enter_blocking
                0x200000c0       0x64 CMakeFiles/snake_game.dir/C_/pico/pico-sdk/src/common/pico_sync/mutex.c.obj
                0x200000c0                mutex_enter_blocking
 .time_critical.mutex_try_enter
                0x20000124       0x46 CMakeFiles/snake_game.dir/C_/pico/pico-sdk/src/common/pico_sync/mutex.c.obj
                0x20000124                mutex_try_enter
 *fill*         0x2000016a        0x2 
 .time_critical.mutex_enter_block_until
                0x2000016c       0x7c CMakeFiles/snake_game.dir/C_/pico/pico-sdk/src/common/pico_sync/mutex.c.obj
                0x2000016c                mutex_enter_block_until
 .time_critical.mutex_enter_timeout_ms
                0x200001e8       0x74 CMakeFiles/snake_game.dir/C_/pico/pico-sdk/src/common/pico_sync/mutex.c.obj
                0x200001e8                mutex_enter_timeout_ms
 .time_critical.mutex_exit
                0x2000025c       0x4c CMakeFiles/snake_game.dir/C_/pico/pico-sdk/src/common/pico_sync/mutex.c.obj
                0x2000025c                mutex_exit
 *(.text*)
 .text          0x200002a8        0x4 c:/progra~2/gnuarm~1/102020~1/bin/../lib/gcc/arm-none-eabi/10.2.1/thumb/v6-m/nofp\libgcc.a(_dvmd_tls.o)
                0x200002a8                __aeabi_idiv0
                0x200002a8                __aeabi_ldiv0
 *fill*         0x200002ac        0x4 
 .text.__stub   0x200002b0       0x40 linker stubs
                0x200002f0                . = ALIGN (0x4)
 *(.rodata*)
                0x200002f0                . = ALIGN (0x4)
 *(.data*)
 .data.striped_spin_lock_num
                0x200002f0        0x1 CMakeFiles/snake_game.dir/C_/pico/pico-sdk/src/rp2_common/hardware_sync/sync.c.obj
 *fill*         0x200002f1        0x3 
 .data.default_alarm_pool
                0x200002f4       0x18 CMakeFiles/snake_game.dir/C_/pico/pico-sdk/src/common/pico_time/time.c.obj
 .data.default_alarm_pool_heap
                0x2000030c       0x10 CMakeFiles/snake_game.dir/C_/pico/pico-sdk/src/common/pico_time/time.c.obj
 .data          0x2000031c       0x48 CMakeFiles/snake_game.dir/C_/pico/pico-sdk/src/rp2_common/hardware_irq/irq_handler_chain.S.obj
                0x2000031c                irq_handler_chain_slots
                0x2000034c                irq_handler_chain_first_slot
                0x20000356                irq_handler_chain_remove_tail
 *fill*         0x20000364        0xc 
 .data.aeabi_bits_funcs
                0x20000370       0x10 CMakeFiles/snake_game.dir/C_/pico/pico-sdk/src/rp2_common/pico_bit_ops/bit_ops_aeabi.S.obj
                0x20000370                aeabi_bits_funcs
                0x20000380                aeabi_bits_funcs_end
 .data.aeabi_mem_funcs
                0x20000380       0x10 CMakeFiles/snake_game.dir/C_/pico/pico-sdk/src/rp2_common/pico_mem_ops/mem_ops_aeabi.S.obj
                0x20000380                aeabi_mem_funcs
                0x20000390                aeabi_mem_funcs_end
 .data.stdio_usb
                0x20000390       0x14 CMakeFiles/snake_game.dir/C_/pico/pico-sdk/src/rp2_common/pico_stdio_usb/stdio_usb.c.obj
                0x20000390                stdio_usb
 .data.ep_dir_string
                0x200003a4        0x8 CMakeFiles/snake_game.dir/C_/pico/pico-sdk/lib/tinyusb/src/portable/raspberrypi/rp2040/rp2040_usb.c.obj
                0x200003a4                ep_dir_string
 .data._usbd_qdef
                0x200003ac       0x20 CMakeFiles/snake_game.dir/C_/pico/pico-sdk/lib/tinyusb/src/device/usbd.c.obj
                0x200003ac                _usbd_qdef
 .data.i2c0_inst
                0x200003cc        0x8 CMakeFiles/snake_game.dir/C_/pico/pico-sdk/src/rp2_common/hardware_i2c/i2c.c.obj
                0x200003cc                i2c0_inst
 .data.i2c1_inst
                0x200003d4        0x8 CMakeFiles/snake_game.dir/C_/pico/pico-sdk/src/rp2_common/hardware_i2c/i2c.c.obj
                0x200003d4                i2c1_inst
 .data._impure_ptr
                0x200003dc        0x4 c:/progra~2/gnuarm~1/102020~1/bin/../lib/gcc/arm-none-eabi/10.2.1/../../../../arm-none-eabi/lib/thumb/v6-m/nofp\libg.a(lib_a-impure.o)
                0x200003dc                _impure_ptr
 .data.impure_data
                0x200003e0      0x428 c:/progra~2/gnuarm~1/102020~1/bin/../lib/gcc/arm-none-eabi/10.2.1/../../../../arm-none-eabi/lib/thumb/v6-m/nofp\libg.a(lib_a-impure.o)
 .data.__malloc_av_
                0x20000808      0x408 c:/progra~2/gnuarm~1/102020~1/bin/../lib/gcc/arm-none-eabi/10.2.1/../../../../arm-none-eabi/lib/thumb/v6-m/nofp\libg.a(lib_a-mallocr.o)
                0x20000808                __malloc_av_
 .data.__malloc_sbrk_base
                0x20000c10        0x4 c:/progra~2/gnuarm~1/102020~1/bin/../lib/gcc/arm-none-eabi/10.2.1/../../../../arm-none-eabi/lib/thumb/v6-m/nofp\libg.a(lib_a-mallocr.o)
                0x20000c10                __malloc_sbrk_base
 .data.__malloc_trim_threshold
                0x20000c14        0x4 c:/progra~2/gnuarm~1/102020~1/bin/../lib/gcc/arm-none-eabi/10.2.1/../../../../arm-none-eabi/lib/thumb/v6-m/nofp\libg.a(lib_a-mallocr.o)
                0x20000c14                __malloc_trim_threshold
                0x20000c18                . = ALIGN (0x4)
 *(.after_data.*)
                0x20000c18                . = ALIGN (0x4)
                0x20000c18                PROVIDE (__mutex_array_start = .)
 *(SORT_BY_NAME(.mutex_array.*))
 *(.mutex_array)
 .mutex_array   0x20000c18        0x8 CMakeFiles/snake_game.dir/C_/pico/pico-sdk/src/rp2_common/pico_stdio/stdio.c.obj
                0x20000c20                PROVIDE (__mutex_array_end = .)
                0x20000c20                . = ALIGN (0x4)